Archive member included to satisfy reference by file (symbol)

/usr/lib/gcc/arm-none-eabi/12.2.1/thumb/v6-m/nofp/libgcc.a(_dvmd_tls.o)
                              CMakeFiles/picolini.dir/home/can/Documents/pico/pico-sdk/src/rp2_common/pico_divider/divider.S.obj (__aeabi_idiv0)
/usr/lib/gcc/arm-none-eabi/12.2.1/../../../arm-none-eabi/lib/thumb/v6-m/nofp/libc.a(lib_a-atexit.o)
                              /usr/lib/gcc/arm-none-eabi/12.2.1/../../../arm-none-eabi/lib/thumb/v6-m/nofp/crt0.o (atexit)
/usr/lib/gcc/arm-none-eabi/12.2.1/../../../arm-none-eabi/lib/thumb/v6-m/nofp/libc.a(lib_a-calloc.o)
                              CMakeFiles/picolini.dir/home/can/Documents/pico/pico-sdk/src/rp2_common/pico_malloc/pico_malloc.c.obj (calloc)
/usr/lib/gcc/arm-none-eabi/12.2.1/../../../arm-none-eabi/lib/thumb/v6-m/nofp/libc.a(lib_a-callocr.o)
                              /usr/lib/gcc/arm-none-eabi/12.2.1/../../../arm-none-eabi/lib/thumb/v6-m/nofp/libc.a(lib_a-calloc.o) (_calloc_r)
/usr/lib/gcc/arm-none-eabi/12.2.1/../../../arm-none-eabi/lib/thumb/v6-m/nofp/libc.a(lib_a-fini.o)
                              /usr/lib/gcc/arm-none-eabi/12.2.1/../../../arm-none-eabi/lib/thumb/v6-m/nofp/crt0.o (__libc_fini_array)
/usr/lib/gcc/arm-none-eabi/12.2.1/../../../arm-none-eabi/lib/thumb/v6-m/nofp/libc.a(lib_a-impure.o)
                              /usr/lib/gcc/arm-none-eabi/12.2.1/../../../arm-none-eabi/lib/thumb/v6-m/nofp/libc.a(lib_a-calloc.o) (_impure_ptr)
/usr/lib/gcc/arm-none-eabi/12.2.1/../../../arm-none-eabi/lib/thumb/v6-m/nofp/libc.a(lib_a-init.o)
                              /usr/lib/gcc/arm-none-eabi/12.2.1/../../../arm-none-eabi/lib/thumb/v6-m/nofp/crt0.o (__libc_init_array)
/usr/lib/gcc/arm-none-eabi/12.2.1/../../../arm-none-eabi/lib/thumb/v6-m/nofp/libc.a(lib_a-malloc.o)
                              CMakeFiles/picolini.dir/home/can/Documents/pico/pico-sdk/src/rp2_common/pico_malloc/pico_malloc.c.obj (malloc)
/usr/lib/gcc/arm-none-eabi/12.2.1/../../../arm-none-eabi/lib/thumb/v6-m/nofp/libc.a(lib_a-mallocr.o)
                              /usr/lib/gcc/arm-none-eabi/12.2.1/../../../arm-none-eabi/lib/thumb/v6-m/nofp/libc.a(lib_a-callocr.o) (_malloc_r)
/usr/lib/gcc/arm-none-eabi/12.2.1/../../../arm-none-eabi/lib/thumb/v6-m/nofp/libc.a(lib_a-mlock.o)
                              /usr/lib/gcc/arm-none-eabi/12.2.1/../../../arm-none-eabi/lib/thumb/v6-m/nofp/libc.a(lib_a-mallocr.o) (__malloc_lock)
/usr/lib/gcc/arm-none-eabi/12.2.1/../../../arm-none-eabi/lib/thumb/v6-m/nofp/libc.a(lib_a-realloc.o)
                              CMakeFiles/picolini.dir/home/can/Documents/pico/pico-sdk/src/rp2_common/pico_malloc/pico_malloc.c.obj (realloc)
/usr/lib/gcc/arm-none-eabi/12.2.1/../../../arm-none-eabi/lib/thumb/v6-m/nofp/libc.a(lib_a-reallocr.o)
                              /usr/lib/gcc/arm-none-eabi/12.2.1/../../../arm-none-eabi/lib/thumb/v6-m/nofp/libc.a(lib_a-realloc.o) (_realloc_r)
/usr/lib/gcc/arm-none-eabi/12.2.1/../../../arm-none-eabi/lib/thumb/v6-m/nofp/libc.a(lib_a-sbrkr.o)
                              /usr/lib/gcc/arm-none-eabi/12.2.1/../../../arm-none-eabi/lib/thumb/v6-m/nofp/libc.a(lib_a-mallocr.o) (_sbrk_r)
/usr/lib/gcc/arm-none-eabi/12.2.1/../../../arm-none-eabi/lib/thumb/v6-m/nofp/libc.a(lib_a-strlen-stub.o)
                              CMakeFiles/picolini.dir/home/can/Documents/pico/pico-sdk/src/rp2_common/pico_stdio/stdio.c.obj (strlen)
/usr/lib/gcc/arm-none-eabi/12.2.1/../../../arm-none-eabi/lib/thumb/v6-m/nofp/libc.a(lib_a-__atexit.o)
                              /usr/lib/gcc/arm-none-eabi/12.2.1/../../../arm-none-eabi/lib/thumb/v6-m/nofp/libc.a(lib_a-atexit.o) (__register_exitproc)
/usr/lib/gcc/arm-none-eabi/12.2.1/../../../arm-none-eabi/lib/thumb/v6-m/nofp/libc.a(lib_a-freer.o)
                              /usr/lib/gcc/arm-none-eabi/12.2.1/../../../arm-none-eabi/lib/thumb/v6-m/nofp/libc.a(lib_a-malloc.o) (_free_r)
/usr/lib/gcc/arm-none-eabi/12.2.1/../../../arm-none-eabi/lib/thumb/v6-m/nofp/libc.a(lib_a-memmove.o)
                              /usr/lib/gcc/arm-none-eabi/12.2.1/../../../arm-none-eabi/lib/thumb/v6-m/nofp/libc.a(lib_a-reallocr.o) (memmove)
/usr/lib/gcc/arm-none-eabi/12.2.1/../../../arm-none-eabi/lib/thumb/v6-m/nofp/libc.a(lib_a-reent.o)
                              /usr/lib/gcc/arm-none-eabi/12.2.1/../../../arm-none-eabi/lib/thumb/v6-m/nofp/libc.a(lib_a-sbrkr.o) (errno)

Discarded input sections

 .text          0x00000000        0x0 /usr/lib/gcc/arm-none-eabi/12.2.1/thumb/v6-m/nofp/crti.o
 .data          0x00000000        0x0 /usr/lib/gcc/arm-none-eabi/12.2.1/thumb/v6-m/nofp/crti.o
 .bss           0x00000000        0x0 /usr/lib/gcc/arm-none-eabi/12.2.1/thumb/v6-m/nofp/crti.o
 .data          0x00000000        0x4 /usr/lib/gcc/arm-none-eabi/12.2.1/thumb/v6-m/nofp/crtbegin.o
 .rodata        0x00000000       0x24 /usr/lib/gcc/arm-none-eabi/12.2.1/thumb/v6-m/nofp/crtbegin.o
 .fini_array    0x00000000        0x4 /usr/lib/gcc/arm-none-eabi/12.2.1/thumb/v6-m/nofp/crtbegin.o
[...]
Memory Configuration

Name             Origin             Length             Attributes
FLASH            0x10000000         0x00200000         xr
RAM              0x20000000         0x00040000         xrw
SCRATCH_X        0x20040000         0x00001000         xrw
SCRATCH_Y        0x20041000         0x00001000         xrw
*default*        0x00000000         0xffffffff

Linker script and memory map

LOAD /usr/lib/gcc/arm-none-eabi/12.2.1/thumb/v6-m/nofp/crti.o
LOAD /usr/lib/gcc/arm-none-eabi/12.2.1/thumb/v6-m/nofp/crtbegin.o
LOAD /usr/lib/gcc/arm-none-eabi/12.2.1/../../../arm-none-eabi/lib/thumb/v6-m/nofp/crt0.o

.flash_begin    0x10000000        0x0
                0x10000000                        __flash_binary_start = .

.boot2          0x10000000      0x100
                0x10000000                        __boot2_start__ = .
 *(.boot2)
 .boot2         0x10000000      0x100 /tmp/cc5hqEZV.o
                0x10000100                        __boot2_end__ = .
                0x00000001                        ASSERT (((__boot2_end__ - __boot2_start__) == 0x100), ERROR: Pico second stage bootloader must be 256 bytes in size)

.text           0x10000100     0x8008
                0x10000100                        __logical_binary_start = .
 *(.vectors)
 .vectors       0x10000100       0xd4 CMakeFiles/picolini.dir/home/can/Documents/pico/pico-sdk/src/rp2_common/pico_standard_link/crt0.S.obj
                0x10000100                __vectors
                0x10000100                __VECTOR_TABLE
                0x100001c0                isr_invalid
                0x100001c0                __default_isrs_start
                0x100001c2                isr_nmi
                0x100001c4                isr_hardfault
                0x100001c6                isr_svcall
                0x100001c8                isr_pendsv
                0x100001ca                isr_systick
                0x100001cc                isr_irq30
                0x100001cc                __unhandled_user_irq
                0x100001cc                isr_irq13
                0x100001cc                isr_irq27
                0x100001cc                isr_irq31
                0x100001cc                isr_irq5
                0x100001cc                isr_irq11
                0x100001cc                isr_irq23
                0x100001cc                isr_irq18
                0x100001cc                isr_irq28
                0x100001cc                isr_irq19
                0x100001cc                isr_irq0
                0x100001cc                isr_irq6
                0x100001cc                isr_irq22
                0x100001cc                isr_irq17
                0x100001cc                isr_irq14
                0x100001cc                isr_irq2
                0x100001cc                isr_irq10
                0x100001cc                isr_irq8
                0x100001cc                isr_irq24
                0x100001cc                isr_irq1
                0x100001cc                isr_irq7
                0x100001cc                isr_irq21
                0x100001cc                isr_irq20
                0x100001cc                isr_irq15
                0x100001cc                isr_irq25
                0x100001cc                isr_irq4
                0x100001cc                isr_irq16
                0x100001cc                isr_irq29
                0x100001cc                isr_irq26
                0x100001cc                __default_isrs_end
                0x100001cc                isr_irq3
                0x100001cc                isr_irq12
                0x100001cc                isr_irq9
                0x100001d2                unhandled_user_irq_num_in_r0
 *(.binary_info_header)
 .binary_info_header
                0x100001d4       0x14 CMakeFiles/picolini.dir/home/can/Documents/pico/pico-sdk/src/rp2_common/pico_standard_link/crt0.S.obj
                0x100001e8                        __binary_info_header_end = .
 *(.reset)
 .reset         0x100001e8       0xa0 CMakeFiles/picolini.dir/home/can/Documents/pico/pico-sdk/src/rp2_common/pico_standard_link/crt0.S.obj
                0x100001e8                _entry_point
 .reset         0x10000288       0x30 CMakeFiles/picolini.dir/home/can/Documents/pico/pico-sdk/src/rp2_common/pico_standard_link/binary_info.c.obj
 *(.init)
 .init          0x100002b8        0x4 /usr/lib/gcc/arm-none-eabi/12.2.1/thumb/v6-m/nofp/crti.o
                0x100002b8                _init
 *(EXCLUDE_FILE(*libm.a: *libc.a:*lib_a-mem*.o *libgcc.a:) .text*)
 .text          0x100002bc       0x98 /usr/lib/gcc/arm-none-eabi/12.2.1/thumb/v6-m/nofp/crtbegin.o
 .text.button_isr
                0x10000354       0x18 CMakeFiles/picolini.dir/main.c.obj
                0x10000354                button_isr
 .text.adc_gpio_init
                0x1000036c       0x20 CMakeFiles/picolini.dir/main.c.obj
 .text.setup_gpios_ssd1306
                0x1000038c       0x38 CMakeFiles/picolini.dir/main.c.obj
                0x1000038c                setup_gpios_ssd1306
 .text.setup_gpios_gy302
                0x100003c4       0x54 CMakeFiles/picolini.dir/main.c.obj
                0x100003c4                setup_gpios_gy302
 .text.read_dht11
                0x10000418      0x104 CMakeFiles/picolini.dir/main.c.obj
                0x10000418                read_dht11
 .text.displayValue
                0x1000051c      0x184 CMakeFiles/picolini.dir/main.c.obj
                0x1000051c                displayValue
 .text.startup.main
                0x100006a0       0xb8 CMakeFiles/picolini.dir/main.c.obj
                0x100006a0                main
 .text.ssd1306_draw_char_with_font.part.0
                0x10000758      0x174 CMakeFiles/picolini.dir/home/can/Documents/pico/picolini/ssd1306.c.obj
 .text.ssd1306_init
                0x100008cc      0x148 CMakeFiles/picolini.dir/home/can/Documents/pico/picolini/ssd1306.c.obj
                0x100008cc                ssd1306_init
 .text.ssd1306_clear
                0x10000a14       0x10 CMakeFiles/picolini.dir/home/can/Documents/pico/picolini/ssd1306.c.obj
                0x10000a14                ssd1306_clear
 .text.ssd1306_draw_string
                0x10000a24       0x68 CMakeFiles/picolini.dir/home/can/Documents/pico/picolini/ssd1306.c.obj
                0x10000a24                ssd1306_draw_string
 .text.ssd1306_show
                0x10000a8c       0xcc CMakeFiles/picolini.dir/home/can/Documents/pico/picolini/ssd1306.c.obj
                0x10000a8c                ssd1306_show
 .text.gpio_default_irq_handler
                0x10000b58      0x204 CMakeFiles/picolini.dir/home/can/Documents/pico/pico-sdk/src/rp2_common/hardware_gpio/gpio.c.obj
 .text.gpio_set_function
                0x10000d5c       0x30 CMakeFiles/picolini.dir/home/can/Documents/pico/pico-sdk/src/rp2_common/hardware_gpio/gpio.c.obj
                0x10000d5c                gpio_set_function
 .text.gpio_set_pulls
                0x10000d8c       0x24 CMakeFiles/picolini.dir/home/can/Documents/pico/pico-sdk/src/rp2_common/hardware_gpio/gpio.c.obj
                0x10000d8c                gpio_set_pulls
 .text.gpio_set_irq_enabled_with_callback
                0x10000db0       0xc4 CMakeFiles/picolini.dir/home/can/Documents/pico/pico-sdk/src/rp2_common/hardware_gpio/gpio.c.obj
                0x10000db0                gpio_set_irq_enabled_with_callback
 .text.gpio_set_input_enabled
                0x10000e74       0x28 CMakeFiles/picolini.dir/home/can/Documents/pico/pico-sdk/src/rp2_common/hardware_gpio/gpio.c.obj
                0x10000e74                gpio_set_input_enabled
 .text.gpio_init
                0x10000e9c       0x3c CMakeFiles/picolini.dir/home/can/Documents/pico/pico-sdk/src/rp2_common/hardware_gpio/gpio.c.obj
                0x10000e9c                gpio_init
 .text.running_on_fpga
                0x10000ed8       0x10 CMakeFiles/picolini.dir/home/can/Documents/pico/pico-sdk/src/rp2_common/pico_platform/platform.c.obj
                0x10000ed8                running_on_fpga
 .text.hw_claim_or_assert
                0x10000ee8       0x44 CMakeFiles/picolini.dir/home/can/Documents/pico/pico-sdk/src/rp2_common/hardware_claim/claim.c.obj
                0x10000ee8                hw_claim_or_assert
 .text.hw_claim_unused_from_range
                0x10000f2c       0x9c CMakeFiles/picolini.dir/home/can/Documents/pico/pico-sdk/src/rp2_common/hardware_claim/claim.c.obj
                0x10000f2c                hw_claim_unused_from_range
 .text.spin_locks_reset
                0x10000fc8       0x1c CMakeFiles/picolini.dir/home/can/Documents/pico/pico-sdk/src/rp2_common/hardware_sync/sync.c.obj
                0x10000fc8                spin_locks_reset
 .text.next_striped_spin_lock_num
                0x10000fe4       0x18 CMakeFiles/picolini.dir/home/can/Documents/pico/pico-sdk/src/rp2_common/hardware_sync/sync.c.obj
                0x10000fe4                next_striped_spin_lock_num
 .text.spin_lock_claim_unused
                0x10000ffc       0x24 CMakeFiles/picolini.dir/home/can/Documents/pico/pico-sdk/src/rp2_common/hardware_sync/sync.c.obj
                0x10000ffc                spin_lock_claim_unused
 .text.irq_set_enabled
                0x10001020       0x24 CMakeFiles/picolini.dir/home/can/Documents/pico/pico-sdk/src/rp2_common/hardware_irq/irq.c.obj
                0x10001020                irq_set_enabled
 .text.irq_set_pending
                0x10001044       0x10 CMakeFiles/picolini.dir/home/can/Documents/pico/pico-sdk/src/rp2_common/hardware_irq/irq.c.obj
                0x10001044                irq_set_pending
 .text.irq_has_shared_handler
                0x10001054       0x2c CMakeFiles/picolini.dir/home/can/Documents/pico/pico-sdk/src/rp2_common/hardware_irq/irq.c.obj
                0x10001054                irq_has_shared_handler
 .text.irq_get_vtable_handler
                0x10001080       0x10 CMakeFiles/picolini.dir/home/can/Documents/pico/pico-sdk/src/rp2_common/hardware_irq/irq.c.obj
                0x10001080                irq_get_vtable_handler
 .text.irq_set_exclusive_handler
                0x10001090       0x54 CMakeFiles/picolini.dir/home/can/Documents/pico/pico-sdk/src/rp2_common/hardware_irq/irq.c.obj
                0x10001090                irq_set_exclusive_handler
 .text.irq_add_shared_handler
                0x100010e4      0x1f4 CMakeFiles/picolini.dir/home/can/Documents/pico/pico-sdk/src/rp2_common/hardware_irq/irq.c.obj
                0x100010e4                irq_add_shared_handler
 .text.irq_remove_handler
                0x100012d8      0x1c4 CMakeFiles/picolini.dir/home/can/Documents/pico/pico-sdk/src/rp2_common/hardware_irq/irq.c.obj
                0x100012d8                irq_remove_handler
 .text.irq_add_tail_to_free_list
                0x1000149c       0xb4 CMakeFiles/picolini.dir/home/can/Documents/pico/pico-sdk/src/rp2_common/hardware_irq/irq.c.obj
                0x1000149c                irq_add_tail_to_free_list
 .text.irq_init_priorities
                0x10001550       0x24 CMakeFiles/picolini.dir/home/can/Documents/pico/pico-sdk/src/rp2_common/hardware_irq/irq.c.obj
                0x10001550                irq_init_priorities
 .text.user_irq_claim_unused
                0x10001574       0x2c CMakeFiles/picolini.dir/home/can/Documents/pico/pico-sdk/src/rp2_common/hardware_irq/irq.c.obj
                0x10001574                user_irq_claim_unused
 .text.lock_init
                0x100015a0       0x10 CMakeFiles/picolini.dir/home/can/Documents/pico/pico-sdk/src/common/pico_sync/lock_core.c.obj
                0x100015a0                lock_init
 .text.mutex_init
                0x100015b0       0x1c CMakeFiles/picolini.dir/home/can/Documents/pico/pico-sdk/src/common/pico_sync/mutex.c.obj
                0x100015b0                mutex_init
 .text.recursive_mutex_init
                0x100015cc       0x1c CMakeFiles/picolini.dir/home/can/Documents/pico/pico-sdk/src/common/pico_sync/mutex.c.obj
                0x100015cc                recursive_mutex_init
 .text.critical_section_init
                0x100015e8       0x1c CMakeFiles/picolini.dir/home/can/Documents/pico/pico-sdk/src/common/pico_sync/critical_section.c.obj
                0x100015e8                critical_section_init
 .text.critical_section_init_with_lock_num
                0x10001604       0x14 CMakeFiles/picolini.dir/home/can/Documents/pico/pico-sdk/src/common/pico_sync/critical_section.c.obj
                0x10001604                critical_section_init_with_lock_num
 .text.timer_pool_entry_comparator
                0x10001618       0x34 CMakeFiles/picolini.dir/home/can/Documents/pico/pico-sdk/src/common/pico_time/time.c.obj
                0x10001618                timer_pool_entry_comparator
 .text.sleep_until_callback
                0x1000164c       0x30 CMakeFiles/picolini.dir/home/can/Documents/pico/pico-sdk/src/common/pico_time/time.c.obj
 .text.add_alarm_under_lock.isra.0
                0x1000167c      0x100 CMakeFiles/picolini.dir/home/can/Documents/pico/pico-sdk/src/common/pico_time/time.c.obj
 .text.alarm_pool_alarm_callback
                0x1000177c      0x1c0 CMakeFiles/picolini.dir/home/can/Documents/pico/pico-sdk/src/common/pico_time/time.c.obj
 .text.alarm_pool_init_default
                0x1000193c       0x6c CMakeFiles/picolini.dir/home/can/Documents/pico/pico-sdk/src/common/pico_time/time.c.obj
                0x1000193c                alarm_pool_init_default
 .text.alarm_pool_get_default
                0x100019a8        0x8 CMakeFiles/picolini.dir/home/can/Documents/pico/pico-sdk/src/common/pico_time/time.c.obj
                0x100019a8                alarm_pool_get_default
 .text.alarm_pool_add_alarm_at
                0x100019b0      0x188 CMakeFiles/picolini.dir/home/can/Documents/pico/pico-sdk/src/common/pico_time/time.c.obj
                0x100019b0                alarm_pool_add_alarm_at
 .text.alarm_pool_core_num
                0x10001b38        0x4 CMakeFiles/picolini.dir/home/can/Documents/pico/pico-sdk/src/common/pico_time/time.c.obj
                0x10001b38                alarm_pool_core_num
 .text.sleep_until
                0x10001b3c       0xc4 CMakeFiles/picolini.dir/home/can/Documents/pico/pico-sdk/src/common/pico_time/time.c.obj
                0x10001b3c                sleep_until
 .text.sleep_us
                0x10001c00       0x28 CMakeFiles/picolini.dir/home/can/Documents/pico/pico-sdk/src/common/pico_time/time.c.obj
                0x10001c00                sleep_us
 .text.sleep_ms
                0x10001c28       0x38 CMakeFiles/picolini.dir/home/can/Documents/pico/pico-sdk/src/common/pico_time/time.c.obj
                0x10001c28                sleep_ms
 .text.best_effort_wfe_or_timeout
                0x10001c60       0xec CMakeFiles/picolini.dir/home/can/Documents/pico/pico-sdk/src/common/pico_time/time.c.obj
                0x10001c60                best_effort_wfe_or_timeout
 .text.hardware_alarm_irq_handler
                0x10001d4c       0xbc CMakeFiles/picolini.dir/home/can/Documents/pico/pico-sdk/src/rp2_common/hardware_timer/timer.c.obj
 .text.hardware_alarm_claim
                0x10001e08       0x18 CMakeFiles/picolini.dir/home/can/Documents/pico/pico-sdk/src/rp2_common/hardware_timer/timer.c.obj
                0x10001e08                hardware_alarm_claim
 .text.time_us_64
                0x10001e20       0x14 CMakeFiles/picolini.dir/home/can/Documents/pico/pico-sdk/src/rp2_common/hardware_timer/timer.c.obj
                0x10001e20                time_us_64
 .text.busy_wait_until
                0x10001e34       0x20 CMakeFiles/picolini.dir/home/can/Documents/pico/pico-sdk/src/rp2_common/hardware_timer/timer.c.obj
                0x10001e34                busy_wait_until
 .text.hardware_alarm_set_callback
                0x10001e54       0x8c CMakeFiles/picolini.dir/home/can/Documents/pico/pico-sdk/src/rp2_common/hardware_timer/timer.c.obj
                0x10001e54                hardware_alarm_set_callback
 .text.hardware_alarm_set_target
                0x10001ee0       0xd0 CMakeFiles/picolini.dir/home/can/Documents/pico/pico-sdk/src/rp2_common/hardware_timer/timer.c.obj
                0x10001ee0                hardware_alarm_set_target
 .text.hardware_alarm_cancel
                0x10001fb0       0x3c CMakeFiles/picolini.dir/home/can/Documents/pico/pico-sdk/src/rp2_common/hardware_timer/timer.c.obj
                0x10001fb0                hardware_alarm_cancel
 .text.ph_merge_nodes
                0x10001fec       0x64 CMakeFiles/picolini.dir/home/can/Documents/pico/pico-sdk/src/common/pico_util/pheap.c.obj
 .text.ph_post_alloc_init
                0x10002050       0x3c CMakeFiles/picolini.dir/home/can/Documents/pico/pico-sdk/src/common/pico_util/pheap.c.obj
                0x10002050                ph_post_alloc_init
 .text.ph_merge_two_pass
                0x1000208c       0x98 CMakeFiles/picolini.dir/home/can/Documents/pico/pico-sdk/src/common/pico_util/pheap.c.obj
                0x1000208c                ph_merge_two_pass
 .text.ph_remove_any_head
                0x10002124      0x100 CMakeFiles/picolini.dir/home/can/Documents/pico/pico-sdk/src/common/pico_util/pheap.c.obj
 .text.ph_remove_head
                0x10002224      0x104 CMakeFiles/picolini.dir/home/can/Documents/pico/pico-sdk/src/common/pico_util/pheap.c.obj
                0x10002224                ph_remove_head
 .text.ph_remove_and_free_node
                0x10002328       0x78 CMakeFiles/picolini.dir/home/can/Documents/pico/pico-sdk/src/common/pico_util/pheap.c.obj
                0x10002328                ph_remove_and_free_node
 .text.clocks_init
                0x100023a0      0x2c8 CMakeFiles/picolini.dir/home/can/Documents/pico/pico-sdk/src/rp2_common/hardware_clocks/clocks.c.obj
                0x100023a0                clocks_init
 .text.clock_get_hz
                0x10002668        0xc CMakeFiles/picolini.dir/home/can/Documents/pico/pico-sdk/src/rp2_common/hardware_clocks/clocks.c.obj
                0x10002668                clock_get_hz
 .text.pll_init
                0x10002674       0xa0 CMakeFiles/picolini.dir/home/can/Documents/pico/pico-sdk/src/rp2_common/hardware_pll/pll.c.obj
                0x10002674                pll_init
 .text.watchdog_start_tick
                0x10002714       0x10 CMakeFiles/picolini.dir/home/can/Documents/pico/pico-sdk/src/rp2_common/hardware_watchdog/watchdog.c.obj
                0x10002714                watchdog_start_tick
 .text.watchdog_reboot
                0x10002724       0x9c CMakeFiles/picolini.dir/home/can/Documents/pico/pico-sdk/src/rp2_common/hardware_watchdog/watchdog.c.obj
                0x10002724                watchdog_reboot
 .text.xosc_init
                0x100027c0       0x28 CMakeFiles/picolini.dir/home/can/Documents/pico/pico-sdk/src/rp2_common/hardware_xosc/xosc.c.obj
                0x100027c0                xosc_init
 .text.runtime_init
                0x100027e8       0xf0 CMakeFiles/picolini.dir/home/can/Documents/pico/pico-sdk/src/rp2_common/pico_runtime/runtime.c.obj
                0x100027e8                runtime_init
 .text._exit    0x100028d8        0x4 CMakeFiles/picolini.dir/home/can/Documents/pico/pico-sdk/src/rp2_common/pico_runtime/runtime.c.obj
                0x100028d8                _exit
 .text._sbrk    0x100028dc       0x34 CMakeFiles/picolini.dir/home/can/Documents/pico/pico-sdk/src/rp2_common/pico_runtime/runtime.c.obj
                0x100028dc                _sbrk
 .text.exit     0x10002910        0x8 CMakeFiles/picolini.dir/home/can/Documents/pico/pico-sdk/src/rp2_common/pico_runtime/runtime.c.obj
                0x10002910                exit
 .text.panic    0x10002918       0x30 CMakeFiles/picolini.dir/home/can/Documents/pico/pico-sdk/src/rp2_common/pico_runtime/runtime.c.obj
                0x10002918                panic
 .text.hard_assertion_failure
                0x10002948        0xc CMakeFiles/picolini.dir/home/can/Documents/pico/pico-sdk/src/rp2_common/pico_runtime/runtime.c.obj
                0x10002948                hard_assertion_failure
 .text._out_buffer
                0x10002954        0x8 CMakeFiles/picolini.dir/home/can/Documents/pico/pico-sdk/src/rp2_common/pico_printf/printf.c.obj
 .text._out_null
                0x1000295c        0x4 CMakeFiles/picolini.dir/home/can/Documents/pico/pico-sdk/src/rp2_common/pico_printf/printf.c.obj
 .text._out_rev
                0x10002960       0x90 CMakeFiles/picolini.dir/home/can/Documents/pico/pico-sdk/src/rp2_common/pico_printf/printf.c.obj
 .text._ntoa_format
                0x100029f0      0x1f4 CMakeFiles/picolini.dir/home/can/Documents/pico/pico-sdk/src/rp2_common/pico_printf/printf.c.obj
 .text._out_char
                0x10002be4       0x10 CMakeFiles/picolini.dir/home/can/Documents/pico/pico-sdk/src/rp2_common/pico_printf/printf.c.obj
 .text._out_fct
                0x10002bf4       0x10 CMakeFiles/picolini.dir/home/can/Documents/pico/pico-sdk/src/rp2_common/pico_printf/printf.c.obj
 .text._etoa    0x10002c04      0x454 CMakeFiles/picolini.dir/home/can/Documents/pico/pico-sdk/src/rp2_common/pico_printf/printf.c.obj
 .text._ftoa    0x10003058      0x3c4 CMakeFiles/picolini.dir/home/can/Documents/pico/pico-sdk/src/rp2_common/pico_printf/printf.c.obj
 .text._vsnprintf
                0x1000341c      0xb24 CMakeFiles/picolini.dir/home/can/Documents/pico/pico-sdk/src/rp2_common/pico_printf/printf.c.obj
 .text.__wrap_sprintf
                0x10003f40       0x2c CMakeFiles/picolini.dir/home/can/Documents/pico/pico-sdk/src/rp2_common/pico_printf/printf.c.obj
                0x10003f40                __wrap_sprintf
 .text.vfctprintf
                0x10003f6c       0x20 CMakeFiles/picolini.dir/home/can/Documents/pico/pico-sdk/src/rp2_common/pico_printf/printf.c.obj
                0x10003f6c                vfctprintf
 .text.weak_raw_vprintf
                0x10003f8c       0x30 CMakeFiles/picolini.dir/home/can/Documents/pico/pico-sdk/src/rp2_common/pico_printf/printf.c.obj
                0x10003f8c                weak_raw_vprintf
 .text          0x10003fbc       0x10 CMakeFiles/picolini.dir/home/can/Documents/pico/pico-sdk/src/rp2_common/pico_bit_ops/bit_ops_aeabi.S.obj
 .text.rom_func_lookup
                0x10003fcc       0x10 CMakeFiles/picolini.dir/home/can/Documents/pico/pico-sdk/src/rp2_common/pico_bootrom/bootrom.c.obj
                0x10003fcc                rom_func_lookup
 .text.rom_data_lookup
                0x10003fdc       0x10 CMakeFiles/picolini.dir/home/can/Documents/pico/pico-sdk/src/rp2_common/pico_bootrom/bootrom.c.obj
                0x10003fdc                rom_data_lookup
 .text.rom_funcs_lookup
                0x10003fec       0x44 CMakeFiles/picolini.dir/home/can/Documents/pico/pico-sdk/src/rp2_common/pico_bootrom/bootrom.c.obj
                0x10003fec                rom_funcs_lookup
 .text.__wrap___aeabi_idiv
                0x10004030       0x50 CMakeFiles/picolini.dir/home/can/Documents/pico/pico-sdk/src/rp2_common/pico_divider/divider.S.obj
                0x10004030                __wrap___aeabi_idivmod
                0x10004030                divmod_s32s32
                0x10004030                div_s32s32
                0x10004030                __wrap___aeabi_idiv
                0x10004038                divmod_s32s32_unsafe
                0x10004064                divmod_s32s32_savestate
 .text.__wrap___aeabi_uidiv
                0x10004080       0x4c CMakeFiles/picolini.dir/home/can/Documents/pico/pico-sdk/src/rp2_common/pico_divider/divider.S.obj
                0x10004080                __wrap___aeabi_uidiv
                0x10004080                __wrap___aeabi_uidivmod
                0x10004080                div_u32u32
                0x10004080                divmod_u32u32
                0x10004088                divmod_u32u32_unsafe
                0x100040b0                divmod_u32u32_savestate
 .text.__wrap___aeabi_ldiv
                0x100040cc      0x424 CMakeFiles/picolini.dir/home/can/Documents/pico/pico-sdk/src/rp2_common/pico_divider/divider.S.obj
                0x100040cc                div_s64s64
                0x100040cc                divmod_s64s64
                0x100040cc                __wrap___aeabi_ldivmod
                0x100040fc                div_u64u64
                0x100040fc                divmod_u64u64
                0x100040fc                __wrap___aeabi_uldivmod
                0x1000410c                divmod_u64u64_savestate
                0x1000412c                divmod_s64s64_unsafe
                0x100041b4                divmod_u64u64_unsafe
 .text.__wrap___aeabi_darithmetic
                0x100044f0       0x80 CMakeFiles/picolini.dir/home/can/Documents/pico/pico-sdk/src/rp2_common/pico_double/double_aeabi.S.obj
                0x100044f0                __wrap___aeabi_drsub
                0x100044f6                __wrap___aeabi_dsub
                0x10004508                __wrap___aeabi_dadd
                0x1000451a                __wrap___aeabi_ddiv
                0x10004556                __wrap___aeabi_dmul
 .text.__wrap___aeabi_cdcmple
                0x10004570       0x6c CMakeFiles/picolini.dir/home/can/Documents/pico/pico-sdk/src/rp2_common/pico_double/double_aeabi.S.obj
                0x10004570                __wrap___aeabi_cdrcmple
                0x10004580                __wrap___aeabi_cdcmple
                0x10004580                __wrap___aeabi_cdcmpeq
 .text.__wrap___aeabi_dcmplt
                0x100045dc        0xc CMakeFiles/picolini.dir/home/can/Documents/pico/pico-sdk/src/rp2_common/pico_double/double_aeabi.S.obj
                0x100045dc                __wrap___aeabi_dcmplt
 .text.__wrap___aeabi_dcmpge
                0x100045e8       0x10 CMakeFiles/picolini.dir/home/can/Documents/pico/pico-sdk/src/rp2_common/pico_double/double_aeabi.S.obj
                0x100045e8                __wrap___aeabi_dcmpge
 .text.__wrap___aeabi_dcmpgt
                0x100045f8        0xa CMakeFiles/picolini.dir/home/can/Documents/pico/pico-sdk/src/rp2_common/pico_double/double_aeabi.S.obj
                0x100045f8                __wrap___aeabi_dcmpgt
 .text.__wrap___aeabi_dcmpun
                0x10004602       0x1c CMakeFiles/picolini.dir/home/can/Documents/pico/pico-sdk/src/rp2_common/pico_double/double_aeabi.S.obj
                0x10004602                __wrap___aeabi_dcmpun
 *fill*         0x1000461e        0x2 
 .text.__wrap___aeabi_i2d
                0x10004620       0x38 CMakeFiles/picolini.dir/home/can/Documents/pico/pico-sdk/src/rp2_common/pico_double/double_aeabi.S.obj
                0x10004620                __wrap___aeabi_ui2d
                0x10004628                __wrap___aeabi_i2d
 .text.__wrap___aeabi_d2iz
                0x10004658       0x48 CMakeFiles/picolini.dir/home/can/Documents/pico/pico-sdk/src/rp2_common/pico_double/double_aeabi.S.obj
                0x10004658                __wrap___aeabi_d2iz
                0x10004658                double2int_z
 .text.__wrap___aeabi_d2uiz
                0x100046a0       0x18 CMakeFiles/picolini.dir/home/can/Documents/pico/pico-sdk/src/rp2_common/pico_double/double_aeabi.S.obj
                0x100046a0                double2uint
                0x100046a0                __wrap___aeabi_d2uiz
 .text.__wrap___aeabi_d2f
                0x100046b8       0x18 CMakeFiles/picolini.dir/home/can/Documents/pico/pico-sdk/src/rp2_common/pico_double/double_aeabi.S.obj
                0x100046b8                __wrap___aeabi_d2f
 .text.__aeabi_double_init
                0x100046d0       0x98 CMakeFiles/picolini.dir/home/can/Documents/pico/pico-sdk/src/rp2_common/pico_double/double_init_rom.c.obj
                0x100046d0                __aeabi_double_init
 .text.double_table_shim_on_use_helper
                0x10004768       0x2c CMakeFiles/picolini.dir/home/can/Documents/pico/pico-sdk/src/rp2_common/pico_double/double_v1_rom_shim.S.obj
                0x10004768                double_table_shim_on_use_helper
 .text.__wrap___aeabi_dsub
                0x10004794       0x10 CMakeFiles/picolini.dir/home/can/Documents/pico/pico-sdk/src/rp2_common/pico_double/double_v1_rom_shim.S.obj
                0x10004794                drsub_shim
                0x1000479a                dsub_shim
 .text.dadd_shim
                0x100047a4      0x15c CMakeFiles/picolini.dir/home/can/Documents/pico/pico-sdk/src/rp2_common/pico_double/double_v1_rom_shim.S.obj
                0x100047a4                dadd_shim
 .text.dmul_shim
                0x10004900      0x15c CMakeFiles/picolini.dir/home/can/Documents/pico/pico-sdk/src/rp2_common/pico_double/double_v1_rom_shim.S.obj
                0x10004900                dmul_shim
 .text.ddiv_shim
                0x10004a5c      0x1b0 CMakeFiles/picolini.dir/home/can/Documents/pico/pico-sdk/src/rp2_common/pico_double/double_v1_rom_shim.S.obj
                0x10004a5c                ddiv_shim
 .text.double2uint_shim
                0x10004c0c        0xe CMakeFiles/picolini.dir/home/can/Documents/pico/pico-sdk/src/rp2_common/pico_double/double_v1_rom_shim.S.obj
                0x10004c0c                double2uint_shim
                0x10004c0e                double2ufix_shim
 *fill*         0x10004c1a        0x2 
 .text.double2uint64_shim
                0x10004c1c       0x70 CMakeFiles/picolini.dir/home/can/Documents/pico/pico-sdk/src/rp2_common/pico_double/double_v1_rom_shim.S.obj
                0x10004c1c                double2uint64_shim
                0x10004c1e                double2ufix64_shim
                0x10004c3e                d2fix_a
 .text.double2float_shim
                0x10004c8c       0x5c CMakeFiles/picolini.dir/home/can/Documents/pico/pico-sdk/src/rp2_common/pico_double/double_v1_rom_shim.S.obj
                0x10004c8c                double2float_shim
 .text.dunpacks
                0x10004ce8       0x3c CMakeFiles/picolini.dir/home/can/Documents/pico/pico-sdk/src/rp2_common/pico_double/double_v1_rom_shim.S.obj
                0x10004ce8                dunpacks
 .text.__aeabi_lmul
                0x10004d24       0x32 CMakeFiles/picolini.dir/home/can/Documents/pico/pico-sdk/src/rp2_common/pico_int64_ops/pico_int64_ops_aeabi.S.obj
                0x10004d24                __wrap___aeabi_lmul
 *fill*         0x10004d56        0x2 
 .text.__wrap___aeabi_f2d
                0x10004d58       0x14 CMakeFiles/picolini.dir/home/can/Documents/pico/pico-sdk/src/rp2_common/pico_float/float_aeabi.S.obj
                0x10004d58                __wrap___aeabi_f2d
 .text.__aeabi_float_init
                0x10004d6c       0x64 CMakeFiles/picolini.dir/home/can/Documents/pico/pico-sdk/src/rp2_common/pico_float/float_init_rom.c.obj
                0x10004d6c                __aeabi_float_init
 .text.float_table_shim_on_use_helper
                0x10004dd0       0x2c CMakeFiles/picolini.dir/home/can/Documents/pico/pico-sdk/src/rp2_common/pico_float/float_v1_rom_shim.S.obj
                0x10004dd0                float_table_shim_on_use_helper
 .text.float2double_shim
                0x10004dfc       0x30 CMakeFiles/picolini.dir/home/can/Documents/pico/pico-sdk/src/rp2_common/pico_float/float_v1_rom_shim.S.obj
                0x10004dfc                float2double_shim
 .text.__wrap_malloc
                0x10004e2c       0x24 CMakeFiles/picolini.dir/home/can/Documents/pico/pico-sdk/src/rp2_common/pico_malloc/pico_malloc.c.obj
                0x10004e2c                __wrap_malloc
 .text          0x10004e50       0x10 CMakeFiles/picolini.dir/home/can/Documents/pico/pico-sdk/src/rp2_common/pico_mem_ops/mem_ops_aeabi.S.obj
                0x10004e50                __aeabi_mem_init
 .text.memset   0x10004e60        0xc CMakeFiles/picolini.dir/home/can/Documents/pico/pico-sdk/src/rp2_common/pico_mem_ops/mem_ops_aeabi.S.obj
                0x10004e60                __wrap_memset
 .text.memcpy   0x10004e6c        0xc CMakeFiles/picolini.dir/home/can/Documents/pico/pico-sdk/src/rp2_common/pico_mem_ops/mem_ops_aeabi.S.obj
                0x10004e6c                __wrap___aeabi_memcpy
                0x10004e6c                __wrap_memcpy
 .text.stdio_out_chars_crlf
                0x10004e78       0xbc CMakeFiles/picolini.dir/home/can/Documents/pico/pico-sdk/src/rp2_common/pico_stdio/stdio.c.obj
 .text.stdio_buffered_printer
                0x10004f34       0x64 CMakeFiles/picolini.dir/home/can/Documents/pico/pico-sdk/src/rp2_common/pico_stdio/stdio.c.obj
 .text.__wrap_putchar
                0x10004f98       0x98 CMakeFiles/picolini.dir/home/can/Documents/pico/pico-sdk/src/rp2_common/pico_stdio/stdio.c.obj
                0x10004f98                __wrap_putchar
 .text.__wrap_puts
                0x10005030       0xe0 CMakeFiles/picolini.dir/home/can/Documents/pico/pico-sdk/src/rp2_common/pico_stdio/stdio.c.obj
                0x10005030                __wrap_puts
 .text.stdio_set_driver_enabled
                0x10005110       0x30 CMakeFiles/picolini.dir/home/can/Documents/pico/pico-sdk/src/rp2_common/pico_stdio/stdio.c.obj
                0x10005110                stdio_set_driver_enabled
 .text.__wrap_vprintf
                0x10005140       0xd4 CMakeFiles/picolini.dir/home/can/Documents/pico/pico-sdk/src/rp2_common/pico_stdio/stdio.c.obj
                0x10005140                __wrap_vprintf
 .text.__wrap_printf
                0x10005214       0x18 CMakeFiles/picolini.dir/home/can/Documents/pico/pico-sdk/src/rp2_common/pico_stdio/stdio.c.obj
                0x10005214                __wrap_printf
 .text.stdio_init_all
                0x1000522c        0x8 CMakeFiles/picolini.dir/home/can/Documents/pico/pico-sdk/src/rp2_common/pico_stdio/stdio.c.obj
                0x1000522c                stdio_init_all
 .text.resetd_init
                0x10005234        0x4 CMakeFiles/picolini.dir/home/can/Documents/pico/pico-sdk/src/rp2_common/pico_stdio_usb/reset_interface.c.obj
 .text.resetd_reset
                0x10005238        0xc CMakeFiles/picolini.dir/home/can/Documents/pico/pico-sdk/src/rp2_common/pico_stdio_usb/reset_interface.c.obj
 .text.resetd_open
                0x10005244       0x28 CMakeFiles/picolini.dir/home/can/Documents/pico/pico-sdk/src/rp2_common/pico_stdio_usb/reset_interface.c.obj
 .text.resetd_xfer_cb
                0x1000526c        0x4 CMakeFiles/picolini.dir/home/can/Documents/pico/pico-sdk/src/rp2_common/pico_stdio_usb/reset_interface.c.obj
 .text.resetd_control_xfer_cb
                0x10005270       0x60 CMakeFiles/picolini.dir/home/can/Documents/pico/pico-sdk/src/rp2_common/pico_stdio_usb/reset_interface.c.obj
 .text.usbd_app_driver_get_cb
                0x100052d0        0xc CMakeFiles/picolini.dir/home/can/Documents/pico/pico-sdk/src/rp2_common/pico_stdio_usb/reset_interface.c.obj
                0x100052d0                usbd_app_driver_get_cb
 .text.tud_cdc_line_coding_cb
                0x100052dc       0x34 CMakeFiles/picolini.dir/home/can/Documents/pico/pico-sdk/src/rp2_common/pico_stdio_usb/reset_interface.c.obj
                0x100052dc                tud_cdc_line_coding_cb
 .text.stdio_usb_set_chars_available_callback
                0x10005310       0x14 CMakeFiles/picolini.dir/home/can/Documents/pico/pico-sdk/src/rp2_common/pico_stdio_usb/stdio_usb.c.obj
                0x10005310                stdio_usb_set_chars_available_callback
 .text.usb_irq  0x10005324       0x10 CMakeFiles/picolini.dir/home/can/Documents/pico/pico-sdk/src/rp2_common/pico_stdio_usb/stdio_usb.c.obj
 .text.timer_task
                0x10005334       0x54 CMakeFiles/picolini.dir/home/can/Documents/pico/pico-sdk/src/rp2_common/pico_stdio_usb/stdio_usb.c.obj
 .text.stdio_usb_in_chars
                0x10005388       0x90 CMakeFiles/picolini.dir/home/can/Documents/pico/pico-sdk/src/rp2_common/pico_stdio_usb/stdio_usb.c.obj
                0x10005388                stdio_usb_in_chars
 .text.stdio_usb_out_chars
                0x10005418      0x104 CMakeFiles/picolini.dir/home/can/Documents/pico/pico-sdk/src/rp2_common/pico_stdio_usb/stdio_usb.c.obj
 .text.low_priority_worker_irq
                0x1000551c       0xa8 CMakeFiles/picolini.dir/home/can/Documents/pico/pico-sdk/src/rp2_common/pico_stdio_usb/stdio_usb.c.obj
 .text.tud_cdc_rx_cb
                0x100055c4       0x20 CMakeFiles/picolini.dir/home/can/Documents/pico/pico-sdk/src/rp2_common/pico_stdio_usb/stdio_usb.c.obj
                0x100055c4                tud_cdc_rx_cb
 .text.stdio_usb_init
                0x100055e4       0xe0 CMakeFiles/picolini.dir/home/can/Documents/pico/pico-sdk/src/rp2_common/pico_stdio_usb/stdio_usb.c.obj
                0x100055e4                stdio_usb_init
 .text.tud_descriptor_device_cb
                0x100056c4        0x8 CMakeFiles/picolini.dir/home/can/Documents/pico/pico-sdk/src/rp2_common/pico_stdio_usb/stdio_usb_descriptors.c.obj
                0x100056c4                tud_descriptor_device_cb
 .text.tud_descriptor_configuration_cb
                0x100056cc        0x8 CMakeFiles/picolini.dir/home/can/Documents/pico/pico-sdk/src/rp2_common/pico_stdio_usb/stdio_usb_descriptors.c.obj
                0x100056cc                tud_descriptor_configuration_cb
 .text.tud_descriptor_string_cb
                0x100056d4       0x78 CMakeFiles/picolini.dir/home/can/Documents/pico/pico-sdk/src/rp2_common/pico_stdio_usb/stdio_usb_descriptors.c.obj
                0x100056d4                tud_descriptor_string_cb
 .text.startup._retrieve_unique_id_on_boot
                0x1000574c       0x10 CMakeFiles/picolini.dir/home/can/Documents/pico/pico-sdk/src/rp2_common/pico_unique_id/unique_id.c.obj
 .text.pico_get_unique_board_id_string
                0x1000575c      0x1a8 CMakeFiles/picolini.dir/home/can/Documents/pico/pico-sdk/src/rp2_common/pico_unique_id/unique_id.c.obj
                0x1000575c                pico_get_unique_board_id_string
 .text.flash_get_unique_id
                0x10005904       0x40 CMakeFiles/picolini.dir/home/can/Documents/pico/pico-sdk/src/rp2_common/hardware_flash/flash.c.obj
                0x10005904                flash_get_unique_id
 .text.dcd_int_enable
                0x10005944        0xc CMakeFiles/picolini.dir/home/can/Documents/pico/pico-sdk/lib/tinyusb/src/portable/raspberrypi/rp2040/dcd_rp2040.c.obj
                0x10005944                dcd_int_enable
 .text.dcd_set_address
                0x10005950       0x14 CMakeFiles/picolini.dir/home/can/Documents/pico/pico-sdk/lib/tinyusb/src/portable/raspberrypi/rp2040/dcd_rp2040.c.obj
                0x10005950                dcd_set_address
 .text.dcd_connect
                0x10005964       0x10 CMakeFiles/picolini.dir/home/can/Documents/pico/pico-sdk/lib/tinyusb/src/portable/raspberrypi/rp2040/dcd_rp2040.c.obj
                0x10005964                dcd_connect
 .text.dcd_init
                0x10005974       0x98 CMakeFiles/picolini.dir/home/can/Documents/pico/pico-sdk/lib/tinyusb/src/portable/raspberrypi/rp2040/dcd_rp2040.c.obj
                0x10005974                dcd_init
 .text.dcd_edpt0_status_complete
                0x10005a0c       0x1c CMakeFiles/picolini.dir/home/can/Documents/pico/pico-sdk/lib/tinyusb/src/portable/raspberrypi/rp2040/dcd_rp2040.c.obj
                0x10005a0c                dcd_edpt0_status_complete
 .text.dcd_edpt_open
                0x10005a28      0x108 CMakeFiles/picolini.dir/home/can/Documents/pico/pico-sdk/lib/tinyusb/src/portable/raspberrypi/rp2040/dcd_rp2040.c.obj
                0x10005a28                dcd_edpt_open
 .text.dcd_edpt_close_all
                0x10005b30        0x8 CMakeFiles/picolini.dir/home/can/Documents/pico/pico-sdk/lib/tinyusb/src/portable/raspberrypi/rp2040/dcd_rp2040.c.obj
                0x10005b30                dcd_edpt_close_all
 .text.dcd_edpt_xfer
                0x10005b38       0x24 CMakeFiles/picolini.dir/home/can/Documents/pico/pico-sdk/lib/tinyusb/src/portable/raspberrypi/rp2040/dcd_rp2040.c.obj
                0x10005b38                dcd_edpt_xfer
 .text.dcd_edpt_stall
                0x10005b5c       0x38 CMakeFiles/picolini.dir/home/can/Documents/pico/pico-sdk/lib/tinyusb/src/portable/raspberrypi/rp2040/dcd_rp2040.c.obj
                0x10005b5c                dcd_edpt_stall
 .text.dcd_edpt_clear_stall
                0x10005b94       0x30 CMakeFiles/picolini.dir/home/can/Documents/pico/pico-sdk/lib/tinyusb/src/portable/raspberrypi/rp2040/dcd_rp2040.c.obj
                0x10005b94                dcd_edpt_clear_stall
 .text.rp2040_usb_init
                0x10005bc4       0x4c CMakeFiles/picolini.dir/home/can/Documents/pico/pico-sdk/lib/tinyusb/src/portable/raspberrypi/rp2040/rp2040_usb.c.obj
                0x10005bc4                rp2040_usb_init
 .text.hw_endpoint_xfer_start
                0x10005c10       0x40 CMakeFiles/picolini.dir/home/can/Documents/pico/pico-sdk/lib/tinyusb/src/portable/raspberrypi/rp2040/rp2040_usb.c.obj
                0x10005c10                hw_endpoint_xfer_start
 .text.tud_mounted
                0x10005c50       0x10 CMakeFiles/picolini.dir/home/can/Documents/pico/pico-sdk/lib/tinyusb/src/device/usbd.c.obj
                0x10005c50                tud_mounted
 .text.tud_suspended
                0x10005c60       0x10 CMakeFiles/picolini.dir/home/can/Documents/pico/pico-sdk/lib/tinyusb/src/device/usbd.c.obj
                0x10005c60                tud_suspended
 .text.tud_inited
                0x10005c70       0x14 CMakeFiles/picolini.dir/home/can/Documents/pico/pico-sdk/lib/tinyusb/src/device/usbd.c.obj
                0x10005c70                tud_inited
 .text.tud_init
                0x10005c84       0xd8 CMakeFiles/picolini.dir/home/can/Documents/pico/pico-sdk/lib/tinyusb/src/device/usbd.c.obj
                0x10005c84                tud_init
 .text.tud_task_ext
                0x10005d5c      0x8a8 CMakeFiles/picolini.dir/home/can/Documents/pico/pico-sdk/lib/tinyusb/src/device/usbd.c.obj
                0x10005d5c                tud_task_ext
 .text.usbd_open_edpt_pair
                0x10006604       0x9c CMakeFiles/picolini.dir/home/can/Documents/pico/pico-sdk/lib/tinyusb/src/device/usbd.c.obj
                0x10006604                usbd_open_edpt_pair
 .text.usbd_defer_func
                0x100066a0       0x48 CMakeFiles/picolini.dir/home/can/Documents/pico/pico-sdk/lib/tinyusb/src/device/usbd.c.obj
                0x100066a0                usbd_defer_func
 .text.usbd_edpt_open
                0x100066e8       0x34 CMakeFiles/picolini.dir/home/can/Documents/pico/pico-sdk/lib/tinyusb/src/device/usbd.c.obj
                0x100066e8                usbd_edpt_open
 .text.usbd_edpt_claim
                0x1000671c       0x28 CMakeFiles/picolini.dir/home/can/Documents/pico/pico-sdk/lib/tinyusb/src/device/usbd.c.obj
                0x1000671c                usbd_edpt_claim
 .text.usbd_edpt_release
                0x10006744       0x28 CMakeFiles/picolini.dir/home/can/Documents/pico/pico-sdk/lib/tinyusb/src/device/usbd.c.obj
                0x10006744                usbd_edpt_release
 .text.usbd_edpt_xfer
                0x1000676c       0x4c CMakeFiles/picolini.dir/home/can/Documents/pico/pico-sdk/lib/tinyusb/src/device/usbd.c.obj
                0x1000676c                usbd_edpt_xfer
 .text.tud_control_status
                0x100067b8       0x2c CMakeFiles/picolini.dir/home/can/Documents/pico/pico-sdk/lib/tinyusb/src/device/usbd_control.c.obj
                0x100067b8                tud_control_status
 .text.tud_control_xfer
                0x100067e4       0xac CMakeFiles/picolini.dir/home/can/Documents/pico/pico-sdk/lib/tinyusb/src/device/usbd_control.c.obj
                0x100067e4                tud_control_xfer
 .text.usbd_control_reset
                0x10006890       0x14 CMakeFiles/picolini.dir/home/can/Documents/pico/pico-sdk/lib/tinyusb/src/device/usbd_control.c.obj
                0x10006890                usbd_control_reset
 .text.usbd_control_set_complete_callback
                0x100068a4        0xc CMakeFiles/picolini.dir/home/can/Documents/pico/pico-sdk/lib/tinyusb/src/device/usbd_control.c.obj
                0x100068a4                usbd_control_set_complete_callback
 .text.usbd_control_set_request
                0x100068b0       0x1c CMakeFiles/picolini.dir/home/can/Documents/pico/pico-sdk/lib/tinyusb/src/device/usbd_control.c.obj
                0x100068b0                usbd_control_set_request
 .text.usbd_control_xfer_cb
                0x100068cc       0xf4 CMakeFiles/picolini.dir/home/can/Documents/pico/pico-sdk/lib/tinyusb/src/device/usbd_control.c.obj
                0x100068cc                usbd_control_xfer_cb
 .text.tud_cdc_n_connected
                0x100069c0       0x30 CMakeFiles/picolini.dir/home/can/Documents/pico/pico-sdk/lib/tinyusb/src/class/cdc/cdc_device.c.obj
                0x100069c0                tud_cdc_n_connected
 .text.tud_cdc_n_available
                0x100069f0       0x18 CMakeFiles/picolini.dir/home/can/Documents/pico/pico-sdk/lib/tinyusb/src/class/cdc/cdc_device.c.obj
                0x100069f0                tud_cdc_n_available
 .text.tud_cdc_n_read
                0x10006a08       0x70 CMakeFiles/picolini.dir/home/can/Documents/pico/pico-sdk/lib/tinyusb/src/class/cdc/cdc_device.c.obj
                0x10006a08                tud_cdc_n_read
 .text.tud_cdc_n_write_flush
                0x10006a78       0x78 CMakeFiles/picolini.dir/home/can/Documents/pico/pico-sdk/lib/tinyusb/src/class/cdc/cdc_device.c.obj
                0x10006a78                tud_cdc_n_write_flush
 .text.tud_cdc_n_write
                0x10006af0       0x34 CMakeFiles/picolini.dir/home/can/Documents/pico/pico-sdk/lib/tinyusb/src/class/cdc/cdc_device.c.obj
                0x10006af0                tud_cdc_n_write
 .text.tud_cdc_n_write_available
                0x10006b24       0x18 CMakeFiles/picolini.dir/home/can/Documents/pico/pico-sdk/lib/tinyusb/src/class/cdc/cdc_device.c.obj
                0x10006b24                tud_cdc_n_write_available
 .text.cdcd_init
                0x10006b3c       0x7c CMakeFiles/picolini.dir/home/can/Documents/pico/pico-sdk/lib/tinyusb/src/class/cdc/cdc_device.c.obj
                0x10006b3c                cdcd_init
 .text.cdcd_reset
                0x10006bb8       0x2c CMakeFiles/picolini.dir/home/can/Documents/pico/pico-sdk/lib/tinyusb/src/class/cdc/cdc_device.c.obj
                0x10006bb8                cdcd_reset
 .text.cdcd_open
                0x10006be4       0xe4 CMakeFiles/picolini.dir/home/can/Documents/pico/pico-sdk/lib/tinyusb/src/class/cdc/cdc_device.c.obj
                0x10006be4                cdcd_open
 .text.cdcd_control_xfer_cb
                0x10006cc8       0xe4 CMakeFiles/picolini.dir/home/can/Documents/pico/pico-sdk/lib/tinyusb/src/class/cdc/cdc_device.c.obj
                0x10006cc8                cdcd_control_xfer_cb
 .text.cdcd_xfer_cb
                0x10006dac      0x13c CMakeFiles/picolini.dir/home/can/Documents/pico/pico-sdk/lib/tinyusb/src/class/cdc/cdc_device.c.obj
                0x10006dac                cdcd_xfer_cb
 .text.tusb_init
                0x10006ee8        0xc CMakeFiles/picolini.dir/home/can/Documents/pico/pico-sdk/lib/tinyusb/src/tusb.c.obj
                0x10006ee8                tusb_init
 .text.tusb_inited
                0x10006ef4        0x8 CMakeFiles/picolini.dir/home/can/Documents/pico/pico-sdk/lib/tinyusb/src/tusb.c.obj
                0x10006ef4                tusb_inited
 .text.tu_edpt_claim
                0x10006efc       0x50 CMakeFiles/picolini.dir/home/can/Documents/pico/pico-sdk/lib/tinyusb/src/tusb.c.obj
                0x10006efc                tu_edpt_claim
 .text.tu_edpt_release
                0x10006f4c       0x38 CMakeFiles/picolini.dir/home/can/Documents/pico/pico-sdk/lib/tinyusb/src/tusb.c.obj
                0x10006f4c                tu_edpt_release
 .text.tu_edpt_validate
                0x10006f84       0x7c CMakeFiles/picolini.dir/home/can/Documents/pico/pico-sdk/lib/tinyusb/src/tusb.c.obj
                0x10006f84                tu_edpt_validate
 .text.tu_edpt_bind_driver
                0x10007000       0x34 CMakeFiles/picolini.dir/home/can/Documents/pico/pico-sdk/lib/tinyusb/src/tusb.c.obj
                0x10007000                tu_edpt_bind_driver
 .text.tu_fifo_config
                0x10007034       0x6c CMakeFiles/picolini.dir/home/can/Documents/pico/pico-sdk/lib/tinyusb/src/common/tusb_fifo.c.obj
                0x10007034                tu_fifo_config
 .text.tu_fifo_count
                0x100070a0       0x2c CMakeFiles/picolini.dir/home/can/Documents/pico/pico-sdk/lib/tinyusb/src/common/tusb_fifo.c.obj
                0x100070a0                tu_fifo_count
 .text.tu_fifo_empty
                0x100070cc       0x10 CMakeFiles/picolini.dir/home/can/Documents/pico/pico-sdk/lib/tinyusb/src/common/tusb_fifo.c.obj
                0x100070cc                tu_fifo_empty
 .text.tu_fifo_remaining
                0x100070dc       0x2c CMakeFiles/picolini.dir/home/can/Documents/pico/pico-sdk/lib/tinyusb/src/common/tusb_fifo.c.obj
                0x100070dc                tu_fifo_remaining
 .text.tu_fifo_read
                0x10007108       0x9c CMakeFiles/picolini.dir/home/can/Documents/pico/pico-sdk/lib/tinyusb/src/common/tusb_fifo.c.obj
                0x10007108                tu_fifo_read
 .text.tu_fifo_read_n
                0x100071a4       0xe8 CMakeFiles/picolini.dir/home/can/Documents/pico/pico-sdk/lib/tinyusb/src/common/tusb_fifo.c.obj
                0x100071a4                tu_fifo_read_n
 .text.tu_fifo_write
                0x1000728c       0x88 CMakeFiles/picolini.dir/home/can/Documents/pico/pico-sdk/lib/tinyusb/src/common/tusb_fifo.c.obj
                0x1000728c                tu_fifo_write
 .text.tu_fifo_write_n
                0x10007314      0x170 CMakeFiles/picolini.dir/home/can/Documents/pico/pico-sdk/lib/tinyusb/src/common/tusb_fifo.c.obj
                0x10007314                tu_fifo_write_n
 .text.tu_fifo_clear
                0x10007484       0x40 CMakeFiles/picolini.dir/home/can/Documents/pico/pico-sdk/lib/tinyusb/src/common/tusb_fifo.c.obj
                0x10007484                tu_fifo_clear
 .text.tu_fifo_set_overwritable
                0x100074c4       0x48 CMakeFiles/picolini.dir/home/can/Documents/pico/pico-sdk/lib/tinyusb/src/common/tusb_fifo.c.obj
                0x100074c4                tu_fifo_set_overwritable
 .text.i2c_set_baudrate
                0x1000750c       0xc4 CMakeFiles/picolini.dir/home/can/Documents/pico/pico-sdk/src/rp2_common/hardware_i2c/i2c.c.obj
                0x1000750c                i2c_set_baudrate
 .text.i2c_init
                0x100075d0       0x54 CMakeFiles/picolini.dir/home/can/Documents/pico/pico-sdk/src/rp2_common/hardware_i2c/i2c.c.obj
                0x100075d0                i2c_init
 .text.i2c_write_blocking
                0x10007624       0xd0 CMakeFiles/picolini.dir/home/can/Documents/pico/pico-sdk/src/rp2_common/hardware_i2c/i2c.c.obj
                0x10007624                i2c_write_blocking
 .text.i2c_read_blocking
                0x100076f4       0x90 CMakeFiles/picolini.dir/home/can/Documents/pico/pico-sdk/src/rp2_common/hardware_i2c/i2c.c.obj
                0x100076f4                i2c_read_blocking
 .text.adc_init
                0x10007784       0x38 CMakeFiles/picolini.dir/home/can/Documents/pico/pico-sdk/src/rp2_common/hardware_adc/adc.c.obj
                0x10007784                adc_init
 .text          0x100077bc       0x28 /usr/lib/gcc/arm-none-eabi/12.2.1/../../../arm-none-eabi/lib/thumb/v6-m/nofp/libc.a(lib_a-malloc.o)
                0x100077bc                malloc
                0x100077d0                free
 .text          0x100077e4      0x574 /usr/lib/gcc/arm-none-eabi/12.2.1/../../../arm-none-eabi/lib/thumb/v6-m/nofp/libc.a(lib_a-mallocr.o)
                0x100077e4                _malloc_r
 .text          0x10007d58        0x8 /usr/lib/gcc/arm-none-eabi/12.2.1/../../../arm-none-eabi/lib/thumb/v6-m/nofp/libc.a(lib_a-mlock.o)
                0x10007d58                __malloc_lock
                0x10007d5c                __malloc_unlock
 .text          0x10007d60       0x24 /usr/lib/gcc/arm-none-eabi/12.2.1/../../../arm-none-eabi/lib/thumb/v6-m/nofp/libc.a(lib_a-sbrkr.o)
                0x10007d60                _sbrk_r
 .text          0x10007d84       0x5c /usr/lib/gcc/arm-none-eabi/12.2.1/../../../arm-none-eabi/lib/thumb/v6-m/nofp/libc.a(lib_a-strlen-stub.o)
                0x10007d84                strlen
 .text          0x10007de0      0x260 /usr/lib/gcc/arm-none-eabi/12.2.1/../../../arm-none-eabi/lib/thumb/v6-m/nofp/libc.a(lib_a-freer.o)
                0x10007de0                _malloc_trim_r
                0x10007e7c                _free_r
 *(.fini)
 .fini          0x10008040        0x4 /usr/lib/gcc/arm-none-eabi/12.2.1/thumb/v6-m/nofp/crti.o
                0x10008040                _fini
 *fill*         0x10008044        0x4 
 .fini.__stub   0x10008048       0xc0 linker stubs
 *crtbegin.o(.ctors)
 *crtbegin?.o(.ctors)
 *(EXCLUDE_FILE(*crtend.o *crtend?.o) .ctors)
 *(SORT_BY_NAME(.ctors.*))
 *(.ctors)
 *crtbegin.o(.dtors)
 *crtbegin?.o(.dtors)
 *(EXCLUDE_FILE(*crtend.o *crtend?.o) .dtors)
 *(SORT_BY_NAME(.dtors.*))
 *(.dtors)
 *(.eh_frame*)
 .eh_frame      0x10008108        0x0 /usr/lib/gcc/arm-none-eabi/12.2.1/thumb/v6-m/nofp/crtbegin.o
                0x10008108                        . = ALIGN (0x4)

.glue_7         0x10008108        0x0
 .glue_7        0x10008108        0x0 linker stubs

.glue_7t        0x10008108        0x0
 .glue_7t       0x10008108        0x0 linker stubs

.vfp11_veneer   0x10008108        0x0
 .vfp11_veneer  0x10008108        0x0 linker stubs

.v4_bx          0x10008108        0x0
 .v4_bx         0x10008108        0x0 linker stubs

.iplt           0x10008108        0x0
 .iplt          0x10008108        0x0 /usr/lib/gcc/arm-none-eabi/12.2.1/thumb/v6-m/nofp/crtbegin.o

.rodata         0x10008108      0x778
 *(EXCLUDE_FILE(*libm.a: *libc.a:*lib_a-mem*.o *libgcc.a:) .rodata*)
 .rodata.displayValue.str1.4
                0x10008108        0xd CMakeFiles/picolini.dir/main.c.obj
 *fill*         0x10008115        0x3 
 .rodata.displayValue
                0x10008118       0x14 CMakeFiles/picolini.dir/main.c.obj
 .rodata.str1.4
                0x1000812c       0x3c CMakeFiles/picolini.dir/main.c.obj
 .rodata.ssd1306_init.str1.4
                0x10008168       0x3f CMakeFiles/picolini.dir/home/can/Documents/pico/picolini/ssd1306.c.obj
 *fill*         0x100081a7        0x1 
 .rodata.ssd1306_show.str1.4
                0x100081a8        0xd CMakeFiles/picolini.dir/home/can/Documents/pico/picolini/ssd1306.c.obj
 *fill*         0x100081b5        0x3 
 .rodata.font_8x5
                0x100081b8      0x1e0 CMakeFiles/picolini.dir/home/can/Documents/pico/picolini/ssd1306.c.obj
                0x100081b8                font_8x5
 .rodata.spin_lock_claim_unused.str1.4
                0x10008398       0x1b CMakeFiles/picolini.dir/home/can/Documents/pico/pico-sdk/src/rp2_common/hardware_sync/sync.c.obj
 *fill*         0x100083b3        0x1 
 .rodata.user_irq_claim_unused.str1.4
                0x100083b4       0x1b CMakeFiles/picolini.dir/home/can/Documents/pico/pico-sdk/src/rp2_common/hardware_irq/irq.c.obj
 *fill*         0x100083cf        0x1 
 .rodata.hardware_alarm_claim.str1.4
                0x100083d0       0x22 CMakeFiles/picolini.dir/home/can/Documents/pico/pico-sdk/src/rp2_common/hardware_timer/timer.c.obj
 *fill*         0x100083f2        0x2 
 .rodata.panic.str1.4
                0x100083f4       0x12 CMakeFiles/picolini.dir/home/can/Documents/pico/pico-sdk/src/rp2_common/pico_runtime/runtime.c.obj
 *fill*         0x10008406        0x2 
 .rodata.hard_assertion_failure.str1.4
                0x10008408        0xc CMakeFiles/picolini.dir/home/can/Documents/pico/pico-sdk/src/rp2_common/pico_runtime/runtime.c.obj
 .rodata._ftoa.str1.4
                0x10008414       0x15 CMakeFiles/picolini.dir/home/can/Documents/pico/pico-sdk/src/rp2_common/pico_printf/printf.c.obj
 *fill*         0x10008429        0x3 
 .rodata._vsnprintf
                0x1000842c      0x19c CMakeFiles/picolini.dir/home/can/Documents/pico/pico-sdk/src/rp2_common/pico_printf/printf.c.obj
 .rodata.pow10.0
                0x100085c8       0x50 CMakeFiles/picolini.dir/home/can/Documents/pico/pico-sdk/src/rp2_common/pico_printf/printf.c.obj
 .rodata.__wrap_malloc.str1.4
                0x10008618        0xe CMakeFiles/picolini.dir/home/can/Documents/pico/pico-sdk/src/rp2_common/pico_malloc/pico_malloc.c.obj
 *fill*         0x10008626        0x2 
 .rodata.str1.4
                0x10008628       0x40 CMakeFiles/picolini.dir/home/can/Documents/pico/pico-sdk/src/rp2_common/pico_standard_link/binary_info.c.obj
 .rodata.__bi_81
                0x10008668        0xc CMakeFiles/picolini.dir/home/can/Documents/pico/pico-sdk/src/rp2_common/pico_standard_link/binary_info.c.obj
 .rodata.__bi_75
                0x10008674        0xc CMakeFiles/picolini.dir/home/can/Documents/pico/pico-sdk/src/rp2_common/pico_standard_link/binary_info.c.obj
 .rodata.__bi_44
                0x10008680        0xc CMakeFiles/picolini.dir/home/can/Documents/pico/pico-sdk/src/rp2_common/pico_standard_link/binary_info.c.obj
 .rodata.crlf_str.0
                0x1000868c        0x2 CMakeFiles/picolini.dir/home/can/Documents/pico/pico-sdk/src/rp2_common/pico_stdio/stdio.c.obj
 *fill*         0x1000868e        0x2 
 .rodata._resetd_driver
                0x10008690       0x18 CMakeFiles/picolini.dir/home/can/Documents/pico/pico-sdk/src/rp2_common/pico_stdio_usb/reset_interface.c.obj
 .rodata.str1.4
                0x100086a8       0x13 CMakeFiles/picolini.dir/home/can/Documents/pico/pico-sdk/src/rp2_common/pico_stdio_usb/stdio_usb.c.obj
 *fill*         0x100086bb        0x1 
 .rodata.__bi_182.0
                0x100086bc        0xc CMakeFiles/picolini.dir/home/can/Documents/pico/pico-sdk/src/rp2_common/pico_stdio_usb/stdio_usb.c.obj
 .rodata.str1.4
                0x100086c8       0x2a CMakeFiles/picolini.dir/home/can/Documents/pico/pico-sdk/src/rp2_common/pico_stdio_usb/stdio_usb_descriptors.c.obj
 *fill*         0x100086f2        0x2 
 .rodata.usbd_desc_str
                0x100086f4       0x18 CMakeFiles/picolini.dir/home/can/Documents/pico/pico-sdk/src/rp2_common/pico_stdio_usb/stdio_usb_descriptors.c.obj
 .rodata.usbd_desc_cfg
                0x1000870c       0x54 CMakeFiles/picolini.dir/home/can/Documents/pico/pico-sdk/src/rp2_common/pico_stdio_usb/stdio_usb_descriptors.c.obj
 .rodata.usbd_desc_device
                0x10008760       0x12 CMakeFiles/picolini.dir/home/can/Documents/pico/pico-sdk/src/rp2_common/pico_stdio_usb/stdio_usb_descriptors.c.obj
 *fill*         0x10008772        0x2 
 .rodata.str1.4
                0x10008774       0x14 CMakeFiles/picolini.dir/home/can/Documents/pico/pico-sdk/lib/tinyusb/src/portable/raspberrypi/rp2040/dcd_rp2040.c.obj
 .rodata.str1.4
                0x10008788       0x53 CMakeFiles/picolini.dir/home/can/Documents/pico/pico-sdk/lib/tinyusb/src/portable/raspberrypi/rp2040/rp2040_usb.c.obj
 *fill*         0x100087db        0x1 
 .rodata.tud_task_ext
                0x100087dc       0x8c CMakeFiles/picolini.dir/home/can/Documents/pico/pico-sdk/lib/tinyusb/src/device/usbd.c.obj
 .rodata._usbd_driver
                0x10008868       0x18 CMakeFiles/picolini.dir/home/can/Documents/pico/pico-sdk/lib/tinyusb/src/device/usbd.c.obj
                0x10008880                        . = ALIGN (0x4)
 *(SORT_BY_ALIGNMENT(SORT_BY_NAME(.flashdata*)))
                0x10008880                        . = ALIGN (0x4)

.ARM.extab
 *(.ARM.extab* .gnu.linkonce.armextab.*)
                0x10008880                        __exidx_start = .

.ARM.exidx
 *(.ARM.exidx* .gnu.linkonce.armexidx.*)
                0x10008880                        __exidx_end = .
                0x10008880                        . = ALIGN (0x4)
                0x10008880                        __binary_info_start = .

.binary_info    0x10008880       0x20
 *(.binary_info.keep.*)
 .binary_info.keep.__bi_ptr81
                0x10008880        0x4 CMakeFiles/picolini.dir/home/can/Documents/pico/pico-sdk/src/rp2_common/pico_standard_link/binary_info.c.obj
 .binary_info.keep.__bi_ptr75
                0x10008884        0x4 CMakeFiles/picolini.dir/home/can/Documents/pico/pico-sdk/src/rp2_common/pico_standard_link/binary_info.c.obj
 .binary_info.keep.__bi_ptr50
                0x10008888        0x4 CMakeFiles/picolini.dir/home/can/Documents/pico/pico-sdk/src/rp2_common/pico_standard_link/binary_info.c.obj
 .binary_info.keep.__bi_ptr44
                0x1000888c        0x4 CMakeFiles/picolini.dir/home/can/Documents/pico/pico-sdk/src/rp2_common/pico_standard_link/binary_info.c.obj
 .binary_info.keep.__bi_ptr38
                0x10008890        0x4 CMakeFiles/picolini.dir/home/can/Documents/pico/pico-sdk/src/rp2_common/pico_standard_link/binary_info.c.obj
 .binary_info.keep.__bi_ptr30
                0x10008894        0x4 CMakeFiles/picolini.dir/home/can/Documents/pico/pico-sdk/src/rp2_common/pico_standard_link/binary_info.c.obj
 .binary_info.keep.__bi_ptr22
                0x10008898        0x4 CMakeFiles/picolini.dir/home/can/Documents/pico/pico-sdk/src/rp2_common/pico_standard_link/binary_info.c.obj
 *(.binary_info.*)
 .binary_info.__bi_ptr182
                0x1000889c        0x4 CMakeFiles/picolini.dir/home/can/Documents/pico/pico-sdk/src/rp2_common/pico_stdio_usb/stdio_usb.c.obj
                0x100088a0                        __binary_info_end = .

.rel.dyn        0x100088a0        0x0
 .rel.iplt      0x100088a0        0x0 /usr/lib/gcc/arm-none-eabi/12.2.1/thumb/v6-m/nofp/crtbegin.o
                0x100088a0                        . = ALIGN (0x4)

.ram_vector_table
                0x20000000       0xc0
 *(.ram_vector_table)
 .ram_vector_table
                0x20000000       0xc0 CMakeFiles/picolini.dir/home/can/Documents/pico/pico-sdk/src/rp2_common/pico_runtime/runtime.c.obj
                0x20000000                ram_vector_table

.data           0x200000c0     0x1690 load address 0x100088a0
                0x200000c0                        __data_start__ = .
 *(vtable)
 *(.time_critical*)
 .time_critical.mutex_try_enter
                0x200000c0       0x40 CMakeFiles/picolini.dir/home/can/Documents/pico/pico-sdk/src/common/pico_sync/mutex.c.obj
                0x200000c0                mutex_try_enter
 .time_critical.mutex_try_enter_block_until
                0x20000100       0x9c CMakeFiles/picolini.dir/home/can/Documents/pico/pico-sdk/src/common/pico_sync/mutex.c.obj
                0x20000100                mutex_try_enter_block_until
 .time_critical.mutex_enter_timeout_ms
                0x2000019c       0x90 CMakeFiles/picolini.dir/home/can/Documents/pico/pico-sdk/src/common/pico_sync/mutex.c.obj
                0x2000019c                mutex_enter_timeout_ms
 .time_critical.mutex_exit
                0x2000022c       0x28 CMakeFiles/picolini.dir/home/can/Documents/pico/pico-sdk/src/common/pico_sync/mutex.c.obj
                0x2000022c                mutex_exit
 .time_critical.flash_init_boot2_copyout
                0x20000254       0x30 CMakeFiles/picolini.dir/home/can/Documents/pico/pico-sdk/src/rp2_common/hardware_flash/flash.c.obj
 .time_critical.flash_enable_xip_via_boot2
                0x20000284        0xc CMakeFiles/picolini.dir/home/can/Documents/pico/pico-sdk/src/rp2_common/hardware_flash/flash.c.obj
 .time_critical.flash_cs_force
                0x20000290       0x38 CMakeFiles/picolini.dir/home/can/Documents/pico/pico-sdk/src/rp2_common/hardware_flash/flash.c.obj
 .time_critical.flash_do_cmd
                0x200002c8       0xc0 CMakeFiles/picolini.dir/home/can/Documents/pico/pico-sdk/src/rp2_common/hardware_flash/flash.c.obj
                0x200002c8                flash_do_cmd
 .time_critical.reset_non_control_endpoints
                0x20000388       0x68 CMakeFiles/picolini.dir/home/can/Documents/pico/pico-sdk/lib/tinyusb/src/portable/raspberrypi/rp2040/dcd_rp2040.c.obj
 .time_critical.hw_handle_buff_status
                0x200003f0       0xac CMakeFiles/picolini.dir/home/can/Documents/pico/pico-sdk/lib/tinyusb/src/portable/raspberrypi/rp2040/dcd_rp2040.c.obj
 .time_critical.dcd_rp2040_irq
                0x2000049c      0x510 CMakeFiles/picolini.dir/home/can/Documents/pico/pico-sdk/lib/tinyusb/src/portable/raspberrypi/rp2040/dcd_rp2040.c.obj
 .time_critical.e15_is_bulkin_ep
                0x200009ac       0x28 CMakeFiles/picolini.dir/home/can/Documents/pico/pico-sdk/lib/tinyusb/src/portable/raspberrypi/rp2040/rp2040_usb.c.obj
 .time_critical.e15_is_critical_frame_period
                0x200009d4       0x34 CMakeFiles/picolini.dir/home/can/Documents/pico/pico-sdk/lib/tinyusb/src/portable/raspberrypi/rp2040/rp2040_usb.c.obj
 .time_critical.prepare_ep_buffer
                0x20000a08       0x6c CMakeFiles/picolini.dir/home/can/Documents/pico/pico-sdk/lib/tinyusb/src/portable/raspberrypi/rp2040/rp2040_usb.c.obj
 .time_critical.sync_ep_buffer
                0x20000a74       0x48 CMakeFiles/picolini.dir/home/can/Documents/pico/pico-sdk/lib/tinyusb/src/portable/raspberrypi/rp2040/rp2040_usb.c.obj
 .time_critical._hw_endpoint_xfer_sync
                0x20000abc       0x28 CMakeFiles/picolini.dir/home/can/Documents/pico/pico-sdk/lib/tinyusb/src/portable/raspberrypi/rp2040/rp2040_usb.c.obj
 .time_critical.hw_endpoint_reset_transfer
                0x20000ae4        0xc CMakeFiles/picolini.dir/home/can/Documents/pico/pico-sdk/lib/tinyusb/src/portable/raspberrypi/rp2040/rp2040_usb.c.obj
                0x20000ae4                hw_endpoint_reset_transfer
 .time_critical._hw_endpoint_buffer_control_update32
                0x20000af0       0x58 CMakeFiles/picolini.dir/home/can/Documents/pico/pico-sdk/lib/tinyusb/src/portable/raspberrypi/rp2040/rp2040_usb.c.obj
                0x20000af0                _hw_endpoint_buffer_control_update32
 .time_critical.hw_endpoint_start_next_buffer
                0x20000b48       0x6c CMakeFiles/picolini.dir/home/can/Documents/pico/pico-sdk/lib/tinyusb/src/portable/raspberrypi/rp2040/rp2040_usb.c.obj
                0x20000b48                hw_endpoint_start_next_buffer
 .time_critical.hw_endpoint_xfer_continue
                0x20000bb4       0x50 CMakeFiles/picolini.dir/home/can/Documents/pico/pico-sdk/lib/tinyusb/src/portable/raspberrypi/rp2040/rp2040_usb.c.obj
                0x20000bb4                hw_endpoint_xfer_continue
 .time_critical.tinyusb
                0x20000c04      0x170 CMakeFiles/picolini.dir/home/can/Documents/pico/pico-sdk/lib/tinyusb/src/device/usbd.c.obj
                0x20000c04                dcd_event_handler
 *(.text*)
 .text          0x20000d74        0x4 /usr/lib/gcc/arm-none-eabi/12.2.1/thumb/v6-m/nofp/libgcc.a(_dvmd_tls.o)
                0x20000d74                __aeabi_ldiv0
                0x20000d74                __aeabi_idiv0
 .text.__stub   0x20000d78       0x70 linker stubs
                0x20000de8                        . = ALIGN (0x4)
 *(.rodata*)
                0x20000de8                        . = ALIGN (0x4)
 *(.data*)
 .data.currentSensor
                0x20000de8        0x1 CMakeFiles/picolini.dir/main.c.obj
                0x20000de8                currentSensor
 *fill*         0x20000de9        0x3 
 .data.sensorStrings
                0x20000dec       0x14 CMakeFiles/picolini.dir/main.c.obj
                0x20000dec                sensorStrings
 .data.striped_spin_lock_num
                0x20000e00        0x1 CMakeFiles/picolini.dir/home/can/Documents/pico/pico-sdk/src/rp2_common/hardware_sync/sync.c.obj
 *fill*         0x20000e01        0x3 
 .data          0x20000e04       0x48 CMakeFiles/picolini.dir/home/can/Documents/pico/pico-sdk/src/rp2_common/hardware_irq/irq_handler_chain.S.obj
                0x20000e04                irq_handler_chain_slots
                0x20000e34                irq_handler_chain_first_slot
                0x20000e3e                irq_handler_chain_remove_tail
 .data.default_alarm_pool
                0x20000e4c       0x18 CMakeFiles/picolini.dir/home/can/Documents/pico/pico-sdk/src/common/pico_time/time.c.obj
 .data.default_alarm_pool_heap
                0x20000e64       0x10 CMakeFiles/picolini.dir/home/can/Documents/pico/pico-sdk/src/common/pico_time/time.c.obj
 *fill*         0x20000e74        0xc 
 .data.aeabi_bits_funcs
                0x20000e80       0x10 CMakeFiles/picolini.dir/home/can/Documents/pico/pico-sdk/src/rp2_common/pico_bit_ops/bit_ops_aeabi.S.obj
                0x20000e80                aeabi_bits_funcs
                0x20000e90                aeabi_bits_funcs_end
 .data.aeabi_mem_funcs
                0x20000e90       0x10 CMakeFiles/picolini.dir/home/can/Documents/pico/pico-sdk/src/rp2_common/pico_mem_ops/mem_ops_aeabi.S.obj
                0x20000e90                aeabi_mem_funcs
                0x20000ea0                aeabi_mem_funcs_end
 .data.stdio_usb
                0x20000ea0       0x18 CMakeFiles/picolini.dir/home/can/Documents/pico/pico-sdk/src/rp2_common/pico_stdio_usb/stdio_usb.c.obj
                0x20000ea0                stdio_usb
 .data.ep_dir_string
                0x20000eb8        0x8 CMakeFiles/picolini.dir/home/can/Documents/pico/pico-sdk/lib/tinyusb/src/portable/raspberrypi/rp2040/rp2040_usb.c.obj
                0x20000eb8                ep_dir_string
 .data._usbd_qdef
                0x20000ec0       0x1c CMakeFiles/picolini.dir/home/can/Documents/pico/pico-sdk/lib/tinyusb/src/device/usbd.c.obj
                0x20000ec0                _usbd_qdef
 .data._usbd_rhport
                0x20000edc        0x1 CMakeFiles/picolini.dir/home/can/Documents/pico/pico-sdk/lib/tinyusb/src/device/usbd.c.obj
 *fill*         0x20000edd        0x3 
 .data.i2c1_inst
                0x20000ee0        0x8 CMakeFiles/picolini.dir/home/can/Documents/pico/pico-sdk/src/rp2_common/hardware_i2c/i2c.c.obj
                0x20000ee0                i2c1_inst
 .data.i2c0_inst
                0x20000ee8        0x8 CMakeFiles/picolini.dir/home/can/Documents/pico/pico-sdk/src/rp2_common/hardware_i2c/i2c.c.obj
                0x20000ee8                i2c0_inst
 .data          0x20000ef0      0x430 /usr/lib/gcc/arm-none-eabi/12.2.1/../../../arm-none-eabi/lib/thumb/v6-m/nofp/libc.a(lib_a-impure.o)
                0x20000ef0                _impure_ptr
 .data          0x20001320      0x410 /usr/lib/gcc/arm-none-eabi/12.2.1/../../../arm-none-eabi/lib/thumb/v6-m/nofp/libc.a(lib_a-mallocr.o)
                0x20001320                __malloc_sbrk_base
                0x20001324                __malloc_trim_threshold
                0x20001328                __malloc_av_
                0x20001730                        . = ALIGN (0x4)
 *(.after_data.*)
                0x20001730                        . = ALIGN (0x4)
                0x20001730                        PROVIDE (__mutex_array_start = .)
 *(SORT_BY_NAME(.mutex_array.*))
 *(.mutex_array)
 .mutex_array   0x20001730        0x8 CMakeFiles/picolini.dir/home/can/Documents/pico/pico-sdk/src/rp2_common/pico_stdio/stdio.c.obj
                0x20001738                        PROVIDE (__mutex_array_end = .)
                0x20001738                        . = ALIGN (0x4)
                0x20001738                        PROVIDE (__preinit_array_start = .)
 *(SORT_BY_NAME(.preinit_array.*))
 .preinit_array.00001
                0x20001738        0x4 CMakeFiles/picolini.dir/home/can/Documents/pico/pico-sdk/src/rp2_common/pico_mem_ops/mem_ops_aeabi.S.obj
 .preinit_array.00010
                0x2000173c        0x4 CMakeFiles/picolini.dir/home/can/Documents/pico/pico-sdk/src/rp2_common/pico_bit_ops/bit_ops_aeabi.S.obj
 .preinit_array.00020
                0x20001740        0x4 CMakeFiles/picolini.dir/home/can/Documents/pico/pico-sdk/src/rp2_common/pico_double/double_aeabi.S.obj
 .preinit_array.00020
                0x20001744        0x4 CMakeFiles/picolini.dir/home/can/Documents/pico/pico-sdk/src/rp2_common/pico_float/float_aeabi.S.obj
 *(.preinit_array)
                0x20001748                        PROVIDE (__preinit_array_end = .)
                0x20001748                        . = ALIGN (0x4)
                0x20001748                        PROVIDE (__init_array_start = .)
 *(SORT_BY_NAME(.init_array.*))
 *(.init_array)
 .init_array    0x20001748        0x4 /usr/lib/gcc/arm-none-eabi/12.2.1/thumb/v6-m/nofp/crtbegin.o
 .init_array    0x2000174c        0x4 CMakeFiles/picolini.dir/home/can/Documents/pico/pico-sdk/src/rp2_common/pico_unique_id/unique_id.c.obj
                0x20001750                        PROVIDE (__init_array_end = .)
                0x20001750                        . = ALIGN (0x4)
                0x20001750                        PROVIDE (__fini_array_start = .)
 *(SORT_BY_NAME(.fini_array.*))
 *(.fini_array)
                0x20001750                        PROVIDE (__fini_array_end = .)
 *(.jcr)
                0x20001750                        . = ALIGN (0x4)
                0x20001750                        __data_end__ = .
                0x100088a0                        __etext = LOADADDR (.data)

.tm_clone_table
                0x20001750        0x0 load address 0x10009f30
 .tm_clone_table
                0x20001750        0x0 /usr/lib/gcc/arm-none-eabi/12.2.1/thumb/v6-m/nofp/crtbegin.o
 .tm_clone_table
                0x20001750        0x0 /usr/lib/gcc/arm-none-eabi/12.2.1/thumb/v6-m/nofp/crtend.o

.igot.plt       0x20001750        0x0 load address 0x10009f30
 .igot.plt      0x20001750        0x0 /usr/lib/gcc/arm-none-eabi/12.2.1/thumb/v6-m/nofp/crtbegin.o

.uninitialized_data
                0x20001750        0x0 load address 0x10009f30
                0x20001750                        . = ALIGN (0x4)
 *(.uninitialized_data*)

.scratch_x      0x20040000        0x0 load address 0x10009f30
                0x20040000                        __scratch_x_start__ = .
 *(.scratch_x.*)
                0x20040000                        . = ALIGN (0x4)
                0x20040000                        __scratch_x_end__ = .
                0x10009f30                        __scratch_x_source__ = LOADADDR (.scratch_x)

.scratch_y      0x20041000        0x0 load address 0x10009f30
                0x20041000                        __scratch_y_start__ = .
 *(.scratch_y.*)
                0x20041000                        . = ALIGN (0x4)
                0x20041000                        __scratch_y_end__ = .
                0x10009f30                        __scratch_y_source__ = LOADADDR (.scratch_y)

.bss            0x20001750      0xe3c
                0x20001750                        . = ALIGN (0x4)
                0x20001750                        __bss_start__ = .
 *(SORT_BY_ALIGNMENT(SORT_BY_NAME(.bss*)))
 .bss.configured_freq
                0x20001750       0x28 CMakeFiles/picolini.dir/home/can/Documents/pico/pico-sdk/src/rp2_common/hardware_clocks/clocks.c.obj
 .bss.default_alarm_pool_entries
                0x20001778      0x100 CMakeFiles/picolini.dir/home/can/Documents/pico/pico-sdk/src/common/pico_time/time.c.obj
 .bss.lastReadTime
                0x20001878        0x8 CMakeFiles/picolini.dir/main.c.obj
                0x20001878                lastReadTime
 .bss.last_avail_time.1
                0x20001880        0x8 CMakeFiles/picolini.dir/home/can/Documents/pico/pico-sdk/src/rp2_common/pico_stdio_usb/stdio_usb.c.obj
 .bss.sd_table  0x20001888      0x100 CMakeFiles/picolini.dir/home/can/Documents/pico/pico-sdk/src/rp2_common/pico_double/double_init_rom.c.obj
                0x20001888                sd_table
 .bss.sf_table  0x20001988      0x100 CMakeFiles/picolini.dir/home/can/Documents/pico/pico-sdk/src/rp2_common/pico_float/float_init_rom.c.obj
                0x20001988                sf_table
 .bss           0x20001a88       0x1c /usr/lib/gcc/arm-none-eabi/12.2.1/thumb/v6-m/nofp/crtbegin.o
 .bss           0x20001aa4       0x34 /usr/lib/gcc/arm-none-eabi/12.2.1/../../../arm-none-eabi/lib/thumb/v6-m/nofp/libc.a(lib_a-mallocr.o)
                0x20001aa4                __malloc_top_pad
                0x20001aa8                __malloc_current_mallinfo
                0x20001ad0                __malloc_max_sbrked_mem
                0x20001ad4                __malloc_max_total_mem
 .bss           0x20001ad8        0x4 /usr/lib/gcc/arm-none-eabi/12.2.1/../../../arm-none-eabi/lib/thumb/v6-m/nofp/libc.a(lib_a-reent.o)
                0x20001ad8                errno
 .bss._app_driver
                0x20001adc        0x4 CMakeFiles/picolini.dir/home/can/Documents/pico/pico-sdk/lib/tinyusb/src/device/usbd.c.obj
 .bss._cdcd_itf
                0x20001ae0      0x2c8 CMakeFiles/picolini.dir/home/can/Documents/pico/pico-sdk/lib/tinyusb/src/class/cdc/cdc_device.c.obj
 .bss._ctrl_xfer
                0x20001da8       0x14 CMakeFiles/picolini.dir/home/can/Documents/pico/pico-sdk/lib/tinyusb/src/device/usbd_control.c.obj
 .bss._ubsd_mutexdef
                0x20001dbc        0x8 CMakeFiles/picolini.dir/home/can/Documents/pico/pico-sdk/lib/tinyusb/src/device/usbd.c.obj
 .bss._usbd_ctrl_buf
                0x20001dc4       0x40 CMakeFiles/picolini.dir/home/can/Documents/pico/pico-sdk/lib/tinyusb/src/device/usbd_control.c.obj
 .bss._usbd_dev
                0x20001e04       0x53 CMakeFiles/picolini.dir/home/can/Documents/pico/pico-sdk/lib/tinyusb/src/device/usbd.c.obj
 *fill*         0x20001e57        0x1 
 .bss._usbd_mutex
                0x20001e58        0x4 CMakeFiles/picolini.dir/home/can/Documents/pico/pico-sdk/lib/tinyusb/src/device/usbd.c.obj
 .bss._usbd_q   0x20001e5c        0x4 CMakeFiles/picolini.dir/home/can/Documents/pico/pico-sdk/lib/tinyusb/src/device/usbd.c.obj
 .bss._usbd_qdef_buf
                0x20001e60       0xc0 CMakeFiles/picolini.dir/home/can/Documents/pico/pico-sdk/lib/tinyusb/src/device/usbd.c.obj
                0x20001e60                _usbd_qdef_buf
 .bss.alarm_callbacks
                0x20001f20       0x10 CMakeFiles/picolini.dir/home/can/Documents/pico/pico-sdk/src/rp2_common/hardware_timer/timer.c.obj
 .bss.boot2_copyout
                0x20001f30      0x100 CMakeFiles/picolini.dir/home/can/Documents/pico/pico-sdk/src/rp2_common/hardware_flash/flash.c.obj
 .bss.callbacks
                0x20002030        0x8 CMakeFiles/picolini.dir/home/can/Documents/pico/pico-sdk/src/rp2_common/hardware_gpio/gpio.c.obj
 .bss.chars_available_callback
                0x20002038        0x4 CMakeFiles/picolini.dir/home/can/Documents/pico/pico-sdk/src/rp2_common/pico_stdio_usb/stdio_usb.c.obj
 .bss.chars_available_param
                0x2000203c        0x4 CMakeFiles/picolini.dir/home/can/Documents/pico/pico-sdk/src/rp2_common/pico_stdio_usb/stdio_usb.c.obj
 .bss.claimed   0x20002040        0x4 CMakeFiles/picolini.dir/home/can/Documents/pico/pico-sdk/src/rp2_common/hardware_sync/sync.c.obj
 .bss.default_alarm_pool_entry_ids_high
                0x20002044       0x10 CMakeFiles/picolini.dir/home/can/Documents/pico/pico-sdk/src/common/pico_time/time.c.obj
 .bss.default_alarm_pool_heap_nodes
                0x20002054       0x30 CMakeFiles/picolini.dir/home/can/Documents/pico/pico-sdk/src/common/pico_time/time.c.obj
 .bss.desc_str.0
                0x20002084       0x28 CMakeFiles/picolini.dir/home/can/Documents/pico/pico-sdk/src/rp2_common/pico_stdio_usb/stdio_usb_descriptors.c.obj
 .bss.disp      0x200020ac       0x14 CMakeFiles/picolini.dir/main.c.obj
                0x200020ac                disp
 .bss.displayString
                0x200020c0       0x32 CMakeFiles/picolini.dir/main.c.obj
                0x200020c0                displayString
 *fill*         0x200020f2        0x2 
 .bss.drivers   0x200020f4        0x4 CMakeFiles/picolini.dir/home/can/Documents/pico/pico-sdk/src/rp2_common/pico_stdio/stdio.c.obj
 .bss.e15_last_sof
                0x200020f8        0x4 CMakeFiles/picolini.dir/home/can/Documents/pico/pico-sdk/lib/tinyusb/src/portable/raspberrypi/rp2040/rp2040_usb.c.obj
                0x200020f8                e15_last_sof
 .bss.filter    0x200020fc        0x4 CMakeFiles/picolini.dir/home/can/Documents/pico/pico-sdk/src/rp2_common/pico_stdio/stdio.c.obj
 .bss.heap_end.0
                0x20002100        0x4 CMakeFiles/picolini.dir/home/can/Documents/pico/pico-sdk/src/rp2_common/pico_runtime/runtime.c.obj
 .bss.humidity  0x20002104        0x4 CMakeFiles/picolini.dir/main.c.obj
                0x20002104                humidity
 .bss.hw_endpoints
                0x20002108      0x400 CMakeFiles/picolini.dir/home/can/Documents/pico/pico-sdk/lib/tinyusb/src/portable/raspberrypi/rp2040/dcd_rp2040.c.obj
 .bss.lazy_vsnprintf
                0x20002508        0x4 CMakeFiles/picolini.dir/home/can/Documents/pico/pico-sdk/src/rp2_common/pico_printf/printf.c.obj
 .bss.load_value
                0x2000250c        0x4 CMakeFiles/picolini.dir/home/can/Documents/pico/pico-sdk/src/rp2_common/hardware_watchdog/watchdog.c.obj
 .bss.lumen     0x20002510        0x4 CMakeFiles/picolini.dir/main.c.obj
                0x20002510                lumen
 .bss.next_buffer_ptr
                0x20002514        0x4 CMakeFiles/picolini.dir/home/can/Documents/pico/pico-sdk/lib/tinyusb/src/portable/raspberrypi/rp2040/dcd_rp2040.c.obj
 .bss.one_shot_timer_crit_sec
                0x20002518        0x8 CMakeFiles/picolini.dir/home/can/Documents/pico/pico-sdk/src/rp2_common/pico_stdio_usb/stdio_usb.c.obj
 .bss.pools     0x20002520       0x10 CMakeFiles/picolini.dir/home/can/Documents/pico/pico-sdk/src/common/pico_time/time.c.obj
 .bss.raw_irq_mask
                0x20002530        0x8 CMakeFiles/picolini.dir/home/can/Documents/pico/pico-sdk/src/rp2_common/hardware_gpio/gpio.c.obj
 .bss.retrieved_id
                0x20002538        0x8 CMakeFiles/picolini.dir/home/can/Documents/pico/pico-sdk/src/rp2_common/pico_unique_id/unique_id.c.obj
 .bss.sf_clz_func
                0x20002540        0x4 CMakeFiles/picolini.dir/home/can/Documents/pico/pico-sdk/src/rp2_common/pico_double/double_init_rom.c.obj
                0x20002540                sf_clz_func
 .bss.sleep_notifier
                0x20002544        0x4 CMakeFiles/picolini.dir/home/can/Documents/pico/pico-sdk/src/common/pico_time/time.c.obj
 .bss.soil      0x20002548        0x4 CMakeFiles/picolini.dir/main.c.obj
                0x20002548                soil
 .bss.stdio_usb_mutex
                0x2000254c        0x8 CMakeFiles/picolini.dir/home/can/Documents/pico/pico-sdk/src/rp2_common/pico_stdio_usb/stdio_usb.c.obj
 .bss.target_hi
                0x20002554       0x10 CMakeFiles/picolini.dir/home/can/Documents/pico/pico-sdk/src/rp2_common/hardware_timer/timer.c.obj
 .bss.temp      0x20002564        0x4 CMakeFiles/picolini.dir/main.c.obj
                0x20002564                temp
 .bss.usbd_serial_str
                0x20002568       0x11 CMakeFiles/picolini.dir/home/can/Documents/pico/pico-sdk/src/rp2_common/pico_stdio_usb/stdio_usb_descriptors.c.obj
 *fill*         0x20002579        0x3 
 .bss.water     0x2000257c        0x4 CMakeFiles/picolini.dir/main.c.obj
                0x2000257c                water
 .bss._app_driver_count
                0x20002580        0x1 CMakeFiles/picolini.dir/home/can/Documents/pico/pico-sdk/lib/tinyusb/src/device/usbd.c.obj
 .bss._sof_enable
                0x20002581        0x1 CMakeFiles/picolini.dir/home/can/Documents/pico/pico-sdk/lib/tinyusb/src/portable/raspberrypi/rp2040/dcd_rp2040.c.obj
 .bss.boot2_copyout_valid
                0x20002582        0x1 CMakeFiles/picolini.dir/home/can/Documents/pico/pico-sdk/src/rp2_common/hardware_flash/flash.c.obj
 .bss.claimed   0x20002583        0x1 CMakeFiles/picolini.dir/home/can/Documents/pico/pico-sdk/src/rp2_common/hardware_timer/timer.c.obj
 .bss.irq_hander_chain_free_slot_head
                0x20002584        0x1 CMakeFiles/picolini.dir/home/can/Documents/pico/pico-sdk/src/rp2_common/hardware_irq/irq.c.obj
 .bss.itf_num   0x20002585        0x1 CMakeFiles/picolini.dir/home/can/Documents/pico/pico-sdk/src/rp2_common/pico_stdio_usb/reset_interface.c.obj
 .bss.low_priority_irq_num
                0x20002586        0x1 CMakeFiles/picolini.dir/home/can/Documents/pico/pico-sdk/src/rp2_common/pico_stdio_usb/stdio_usb.c.obj
 .bss.one_shot_timer_pending
                0x20002587        0x1 CMakeFiles/picolini.dir/home/can/Documents/pico/pico-sdk/src/rp2_common/pico_stdio_usb/stdio_usb.c.obj
 .bss.timer_callbacks_pending
                0x20002588        0x1 CMakeFiles/picolini.dir/home/can/Documents/pico/pico-sdk/src/rp2_common/hardware_timer/timer.c.obj
 .bss.user_irq_claimed
                0x20002589        0x1 CMakeFiles/picolini.dir/home/can/Documents/pico/pico-sdk/src/rp2_common/hardware_irq/irq.c.obj
 *(COMMON)
                0x2000258c                        . = ALIGN (0x4)
 *fill*         0x2000258a        0x2 
                0x2000258c                        __bss_end__ = .

.heap           0x2000258c      0x800
                0x2000258c                        __end__ = .
                0x2000258c                        end = __end__
 *(.heap*)
 .heap          0x2000258c      0x800 CMakeFiles/picolini.dir/home/can/Documents/pico/pico-sdk/src/rp2_common/pico_standard_link/crt0.S.obj
                0x20002d8c                        __HeapLimit = .

.stack1_dummy
 *(.stack1*)

.stack_dummy    0x20041000      0x800
 *(.stack*)
 .stack         0x20041000      0x800 CMakeFiles/picolini.dir/home/can/Documents/pico/pico-sdk/src/rp2_common/pico_standard_link/crt0.S.obj

.flash_end      0x10009f30        0x0
                0x10009f30                        PROVIDE (__flash_binary_end = .)
                0x20040000                        __StackLimit = (ORIGIN (RAM) + LENGTH (RAM))
                0x20041000                        __StackOneTop = (ORIGIN (SCRATCH_X) + LENGTH (SCRATCH_X))
                0x20042000                        __StackTop = (ORIGIN (SCRATCH_Y) + LENGTH (SCRATCH_Y))
                0x20041000                        __StackOneBottom = (__StackOneTop - SIZEOF (.stack1_dummy))
                0x20041800                        __StackBottom = (__StackTop - SIZEOF (.stack_dummy))
                0x20042000                        PROVIDE (__stack = __StackTop)
                0x00000001                        ASSERT ((__StackLimit >= __HeapLimit), region RAM overflowed)
                0x00000001                        ASSERT (((__binary_info_header_end - __logical_binary_start) <= 0x100), Binary info must be in first 256 bytes of the binary)
LOAD CMakeFiles/picolini.dir/main.c.obj
LOAD CMakeFiles/picolini.dir/home/can/Documents/pico/picolini/ssd1306.c.obj
LOAD CMakeFiles/picolini.dir/home/can/Documents/pico/pico-sdk/src/rp2_common/pico_stdlib/stdlib.c.obj
LOAD CMakeFiles/picolini.dir/home/can/Documents/pico/pico-sdk/src/rp2_common/hardware_gpio/gpio.c.obj
LOAD CMakeFiles/picolini.dir/home/can/Documents/pico/pico-sdk/src/rp2_common/pico_platform/platform.c.obj
LOAD CMakeFiles/picolini.dir/home/can/Documents/pico/pico-sdk/src/rp2_common/hardware_claim/claim.c.obj
LOAD CMakeFiles/picolini.dir/home/can/Documents/pico/pico-sdk/src/rp2_common/hardware_sync/sync.c.obj
LOAD CMakeFiles/picolini.dir/home/can/Documents/pico/pico-sdk/src/rp2_common/hardware_irq/irq.c.obj
LOAD CMakeFiles/picolini.dir/home/can/Documents/pico/pico-sdk/src/rp2_common/hardware_irq/irq_handler_chain.S.obj
LOAD CMakeFiles/picolini.dir/home/can/Documents/pico/pico-sdk/src/common/pico_sync/sem.c.obj
LOAD CMakeFiles/picolini.dir/home/can/Documents/pico/pico-sdk/src/common/pico_sync/lock_core.c.obj
LOAD CMakeFiles/picolini.dir/home/can/Documents/pico/pico-sdk/src/common/pico_sync/mutex.c.obj
LOAD CMakeFiles/picolini.dir/home/can/Documents/pico/pico-sdk/src/common/pico_sync/critical_section.c.obj
LOAD CMakeFiles/picolini.dir/home/can/Documents/pico/pico-sdk/src/common/pico_time/time.c.obj
LOAD CMakeFiles/picolini.dir/home/can/Documents/pico/pico-sdk/src/common/pico_time/timeout_helper.c.obj
LOAD CMakeFiles/picolini.dir/home/can/Documents/pico/pico-sdk/src/rp2_common/hardware_timer/timer.c.obj
LOAD CMakeFiles/picolini.dir/home/can/Documents/pico/pico-sdk/src/common/pico_util/datetime.c.obj
LOAD CMakeFiles/picolini.dir/home/can/Documents/pico/pico-sdk/src/common/pico_util/pheap.c.obj
LOAD CMakeFiles/picolini.dir/home/can/Documents/pico/pico-sdk/src/common/pico_util/queue.c.obj
LOAD CMakeFiles/picolini.dir/home/can/Documents/pico/pico-sdk/src/rp2_common/hardware_uart/uart.c.obj
LOAD CMakeFiles/picolini.dir/home/can/Documents/pico/pico-sdk/src/rp2_common/hardware_clocks/clocks.c.obj
LOAD CMakeFiles/picolini.dir/home/can/Documents/pico/pico-sdk/src/rp2_common/hardware_pll/pll.c.obj
LOAD CMakeFiles/picolini.dir/home/can/Documents/pico/pico-sdk/src/rp2_common/hardware_vreg/vreg.c.obj
LOAD CMakeFiles/picolini.dir/home/can/Documents/pico/pico-sdk/src/rp2_common/hardware_watchdog/watchdog.c.obj
LOAD CMakeFiles/picolini.dir/home/can/Documents/pico/pico-sdk/src/rp2_common/hardware_xosc/xosc.c.obj
LOAD CMakeFiles/picolini.dir/home/can/Documents/pico/pico-sdk/src/rp2_common/hardware_divider/divider.S.obj
LOAD CMakeFiles/picolini.dir/home/can/Documents/pico/pico-sdk/src/rp2_common/pico_runtime/runtime.c.obj
LOAD CMakeFiles/picolini.dir/home/can/Documents/pico/pico-sdk/src/rp2_common/pico_printf/printf.c.obj
LOAD CMakeFiles/picolini.dir/home/can/Documents/pico/pico-sdk/src/rp2_common/pico_bit_ops/bit_ops_aeabi.S.obj
LOAD CMakeFiles/picolini.dir/home/can/Documents/pico/pico-sdk/src/rp2_common/pico_bootrom/bootrom.c.obj
LOAD CMakeFiles/picolini.dir/home/can/Documents/pico/pico-sdk/src/rp2_common/pico_divider/divider.S.obj
LOAD CMakeFiles/picolini.dir/home/can/Documents/pico/pico-sdk/src/rp2_common/pico_double/double_aeabi.S.obj
LOAD CMakeFiles/picolini.dir/home/can/Documents/pico/pico-sdk/src/rp2_common/pico_double/double_init_rom.c.obj
LOAD CMakeFiles/picolini.dir/home/can/Documents/pico/pico-sdk/src/rp2_common/pico_double/double_math.c.obj
LOAD CMakeFiles/picolini.dir/home/can/Documents/pico/pico-sdk/src/rp2_common/pico_double/double_v1_rom_shim.S.obj
LOAD CMakeFiles/picolini.dir/home/can/Documents/pico/pico-sdk/src/rp2_common/pico_int64_ops/pico_int64_ops_aeabi.S.obj
LOAD CMakeFiles/picolini.dir/home/can/Documents/pico/pico-sdk/src/rp2_common/pico_float/float_aeabi.S.obj
LOAD CMakeFiles/picolini.dir/home/can/Documents/pico/pico-sdk/src/rp2_common/pico_float/float_init_rom.c.obj
LOAD CMakeFiles/picolini.dir/home/can/Documents/pico/pico-sdk/src/rp2_common/pico_float/float_math.c.obj
LOAD CMakeFiles/picolini.dir/home/can/Documents/pico/pico-sdk/src/rp2_common/pico_float/float_v1_rom_shim.S.obj
LOAD CMakeFiles/picolini.dir/home/can/Documents/pico/pico-sdk/src/rp2_common/pico_malloc/pico_malloc.c.obj
LOAD CMakeFiles/picolini.dir/home/can/Documents/pico/pico-sdk/src/rp2_common/pico_mem_ops/mem_ops_aeabi.S.obj
LOAD CMakeFiles/picolini.dir/home/can/Documents/pico/pico-sdk/src/rp2_common/pico_standard_link/crt0.S.obj
LOAD CMakeFiles/picolini.dir/home/can/Documents/pico/pico-sdk/src/rp2_common/pico_standard_link/new_delete.cpp.obj
LOAD CMakeFiles/picolini.dir/home/can/Documents/pico/pico-sdk/src/rp2_common/pico_standard_link/binary_info.c.obj
LOAD CMakeFiles/picolini.dir/home/can/Documents/pico/pico-sdk/src/rp2_common/pico_stdio/stdio.c.obj
LOAD CMakeFiles/picolini.dir/home/can/Documents/pico/pico-sdk/src/rp2_common/pico_stdio_usb/reset_interface.c.obj
LOAD CMakeFiles/picolini.dir/home/can/Documents/pico/pico-sdk/src/rp2_common/pico_stdio_usb/stdio_usb.c.obj
LOAD CMakeFiles/picolini.dir/home/can/Documents/pico/pico-sdk/src/rp2_common/pico_stdio_usb/stdio_usb_descriptors.c.obj
LOAD CMakeFiles/picolini.dir/home/can/Documents/pico/pico-sdk/src/rp2_common/pico_unique_id/unique_id.c.obj
LOAD CMakeFiles/picolini.dir/home/can/Documents/pico/pico-sdk/src/rp2_common/hardware_flash/flash.c.obj
LOAD CMakeFiles/picolini.dir/home/can/Documents/pico/pico-sdk/lib/tinyusb/src/portable/raspberrypi/rp2040/dcd_rp2040.c.obj
LOAD CMakeFiles/picolini.dir/home/can/Documents/pico/pico-sdk/lib/tinyusb/src/portable/raspberrypi/rp2040/rp2040_usb.c.obj
LOAD CMakeFiles/picolini.dir/home/can/Documents/pico/pico-sdk/lib/tinyusb/src/device/usbd.c.obj
LOAD CMakeFiles/picolini.dir/home/can/Documents/pico/pico-sdk/lib/tinyusb/src/device/usbd_control.c.obj
LOAD CMakeFiles/picolini.dir/home/can/Documents/pico/pico-sdk/lib/tinyusb/src/class/audio/audio_device.c.obj
LOAD CMakeFiles/picolini.dir/home/can/Documents/pico/pico-sdk/lib/tinyusb/src/class/cdc/cdc_device.c.obj
LOAD CMakeFiles/picolini.dir/home/can/Documents/pico/pico-sdk/lib/tinyusb/src/class/dfu/dfu_device.c.obj
LOAD CMakeFiles/picolini.dir/home/can/Documents/pico/pico-sdk/lib/tinyusb/src/class/dfu/dfu_rt_device.c.obj
LOAD CMakeFiles/picolini.dir/home/can/Documents/pico/pico-sdk/lib/tinyusb/src/class/hid/hid_device.c.obj
LOAD CMakeFiles/picolini.dir/home/can/Documents/pico/pico-sdk/lib/tinyusb/src/class/midi/midi_device.c.obj
LOAD CMakeFiles/picolini.dir/home/can/Documents/pico/pico-sdk/lib/tinyusb/src/class/msc/msc_device.c.obj
LOAD CMakeFiles/picolini.dir/home/can/Documents/pico/pico-sdk/lib/tinyusb/src/class/net/ecm_rndis_device.c.obj
LOAD CMakeFiles/picolini.dir/home/can/Documents/pico/pico-sdk/lib/tinyusb/src/class/net/ncm_device.c.obj
LOAD CMakeFiles/picolini.dir/home/can/Documents/pico/pico-sdk/lib/tinyusb/src/class/usbtmc/usbtmc_device.c.obj
LOAD CMakeFiles/picolini.dir/home/can/Documents/pico/pico-sdk/lib/tinyusb/src/class/vendor/vendor_device.c.obj
LOAD CMakeFiles/picolini.dir/home/can/Documents/pico/pico-sdk/lib/tinyusb/src/class/video/video_device.c.obj
LOAD CMakeFiles/picolini.dir/home/can/Documents/pico/pico-sdk/lib/tinyusb/src/tusb.c.obj
LOAD CMakeFiles/picolini.dir/home/can/Documents/pico/pico-sdk/lib/tinyusb/src/common/tusb_fifo.c.obj
LOAD CMakeFiles/picolini.dir/home/can/Documents/pico/pico-sdk/src/rp2_common/pico_fix/rp2040_usb_device_enumeration/rp2040_usb_device_enumeration.c.obj
LOAD CMakeFiles/picolini.dir/home/can/Documents/pico/pico-sdk/src/rp2_common/hardware_i2c/i2c.c.obj
LOAD CMakeFiles/picolini.dir/home/can/Documents/pico/pico-sdk/src/rp2_common/hardware_adc/adc.c.obj
LOAD /tmp/cc5hqEZV.o
LOAD /usr/lib/gcc/arm-none-eabi/12.2.1/../../../arm-none-eabi/lib/thumb/v6-m/nofp/libstdc++.a
LOAD /usr/lib/gcc/arm-none-eabi/12.2.1/../../../arm-none-eabi/lib/thumb/v6-m/nofp/libm.a
START GROUP
LOAD /usr/lib/gcc/arm-none-eabi/12.2.1/thumb/v6-m/nofp/libgcc.a
LOAD /usr/lib/gcc/arm-none-eabi/12.2.1/../../../arm-none-eabi/lib/thumb/v6-m/nofp/libc.a
END GROUP
START GROUP
LOAD /usr/lib/gcc/arm-none-eabi/12.2.1/thumb/v6-m/nofp/libgcc.a
LOAD /usr/lib/gcc/arm-none-eabi/12.2.1/../../../arm-none-eabi/lib/thumb/v6-m/nofp/libc.a
LOAD /usr/lib/gcc/arm-none-eabi/12.2.1/../../../arm-none-eabi/lib/thumb/v6-m/nofp/libnosys.a
END GROUP
LOAD /usr/lib/gcc/arm-none-eabi/12.2.1/thumb/v6-m/nofp/crtend.o